
> roneira-financial-intelligence-frontend@3.0.0 build
> tsc && vite build

src/components/prediction/StockPredictionDashboard.tsx(13,18): error TS6133: 'AnimatePresence' is declared but its value is never read.
src/components/prediction/StockPredictionDashboard.tsx(24,3): error TS6133: 'LineChart' is declared but its value is never read.
src/components/prediction/StockPredictionDashboard.tsx(50,28): error TS6133: 'refetch' is declared but its value is never read.
src/components/ui/ErrorBoundary.tsx(10,8): error TS6133: 'React' is declared but its value is never read.
