
> roneira-financial-intelligence-frontend@3.0.0 test:coverage
> vitest run --coverage


[1m[46m RUN [49m[22m [36mv4.0.5 [39m[90mC:/Users/Aaron Sequeira/Roneira-AI-HIFI/frontend[39m
      [2mCoverage enabled with [22m[33mv8[39m

[90mstdout[2m | src/features/Shell/App.test.tsx[2m > [22m[2mApp[2m > [22m[2mrenders the main application container
[22m[39m[36m<body>[39m
  [36m<div>[39m
    [36m<div[39m
      [33mclass[39m=[32m"min-h-screen bg-black text-gray-100 selection:bg-gold-500 selection:text-black"[39m
    [36m>[39m
      [36m<header[39m
        [33mclass[39m=[32m"bg-black border-b border-gold-900/50 shadow-lg relative z-50"[39m
      [36m>[39m
        [36m<div[39m
          [33mclass[39m=[32m"container mx-auto px-4"[39m
        [36m>[39m
          [36m<div[39m
            [33mclass[39m=[32m"flex items-center justify-between h-20"[39m
          [36m>[39m
            [36m<div[39m
              [33mclass[39m=[32m"flex items-center space-x-6"[39m
            [36m>[39m
              [36m<div[39m
                [33mclass[39m=[32m"flex items-center space-x-3"[39m
              [36m>[39m
                [36m<div[39m
                  [33mclass[39m=[32m"w-12 h-12 flex items-center justify-center overflow-hidden rounded-md border border-gold-900/30"[39m
                [36m>[39m
                  [36m<img[39m
                    [33malt[39m=[32m"Roneira Logo"[39m
                    [33mclass[39m=[32m"w-full h-full object-contain filter grayscale contrast-125"[39m
                    [33msrc[39m=[32m"/logo.jpg"[39m
                  [36m/>[39m
                [36m</div>[39m
                [36m<div>[39m
                  [36m<h1[39m
                    [33mclass[39m=[32m"text-2xl font-bold text-white tracking-wide uppercase whitespace-nowrap"[39m
                  [36m>[39m
                    [0mRoneira [0m
                    [36m<span[39m
                      [33mclass[39m=[32m"text-gold-500"[39m
                    [36m>[39m
                      [0mEnterprises AI[0m
                    [36m</span>[39m
                  [36m</h1>[39m
                  [36m<p[39m
                    [33mclass[39m=[32m"text-[10px] text-gold-400/80 tracking-[0.2em] uppercase mt-0.5"[39m
                  [36m>[39m
                    [0mPrivate Equity & Intelligence[0m
                  [36m</p>[39m
                [36m</div>[39m
              [36m</div>[39m
            [36m</div>[39m
            [36m<nav[39m
              [33mclass[39m=[32m"hidden md:flex space-x-2"[39m
            [36m>[39m
              [36m<button[39m
                [33mclass[39m=[32m"
                  flex items-center space-x-2 px-5 py-2.5 rounded transition-all duration-300 border border-transparent
                  bg-gold-500/10 text-gold-400 border-gold-500/20 shadow-[0_0_15px_rgba(212,175,55,0.1)]
                "[39m
                [33mtitle[39m=[32m"Real-time market overview and top performers"[39m
              [36m>[39m
                [36m<span[39m
                  [33mclass[39m=[32m"text-gold-500"[39m
                [36m>[39m
                  [36m<svg[39m
                    [33mclass[39m=[32m"lucide lucide-layout-dashboard w-5 h-5"[39m
                    [33mfill[39m=[32m"none"[39m
                    [33mheight[39m=[32m"24"[39m
                    [33mstroke[39m=[32m"currentColor"[39m
                    [33mstroke-linecap[39m=[32m"round"[39m
                    [33mstroke-linejoin[39m=[32m"round"[39m
                    [33mstroke-width[39m=[32m"2"[39m
                    [33mviewBox[39m=[32m"0 0 24 24"[39m
                    [33mwidth[39m=[32m"24"[39m
                    [33mxmlns[39m=[32m"http://www.w3.org/2000/svg"[39m
                  [36m>[39m
                    [36m<rect[39m
                      [33mheight[39m=[32m"9"[39m
                      [33mrx[39m=[32m"1"[39m
                      [33mwidth[39m=[32m"7"[39m
                      [33mx[39m=[32m"3"[39m
                      [33my[39m=[32m"3"[39m
                    [36m/>[39m
                    [36m<rect[39m
                      [33mheight[39m=[32m"5"[39m
                      [33mrx[39m=[32m"1"[39m
                      [33mwidth[39m=[32m"7"[39m
                      [33mx[39m=[32m"14"[39m
                      [33my[39m=[32m"3"[39m
                    [36m/>[39m
                    [36m<rect[39m
                      [33mheight[39m=[32m"9"[39m
                      [33mrx[39m=[32m"1"[39m
                      [33mwidth[39m=[32m"7"[39m
                      [33mx[39m=[32m"14"[39m
                      [33my[39m=[32m"12"[39m
                    [36m/>[39m
                    [36m<rect[39m
                      [33mheight[39m=[32m"5"[39m
                      [33mrx[39m=[32m"1"[39m
                      [33mwidth[39m=[32m"7"[39m
                      [33mx[39m=[32m"3"[39m
                      [33my[39m=[32m"16"[39m
                    [36m/>[39m
                  [36m</svg>[39m
                [36m</span>[39m
                [36m<span[39m
node.exe : 
[90mstderr[2m | src/fea
tures/Shell/App.test.tsx
[2m > [22m[2mApp[2m > 
[22m[2mrenders the 
main application 
container
At line:1 char:1
+ & "C:\Program 
Files\nodejs/node.exe" 
"C:\Users\Aaron 
Sequeira\AppData ...
+ ~~~~~~~~~~~~~~~~~~~~~~~
~~~~~~~~~~~~~~~~~~~~~~~~~
~~~~~~~~~~~~~~~~~~~~~
    + CategoryInfo       
       : NotSpe    
cified: ([90mst    
derr[2m...ation     
container:Strin    g) 
[], RemoteExc    eption
    + FullyQualified    
ErrorId : Native    
CommandError
 
[22m[39mΓÜá∩╕Å React 
Router Future Flag 
Warning: React Router 
will begin wrapping 
state updates in 
`React.startTransition` 
in v7. You can use the 
`v7_startTransition` 
future flag to opt-in 
early. For more 
information, see https://
reactrouter.com/v6/upgrad
ing/future#v7_starttransi
tion.
ΓÜá∩╕Å React Router 
Future Flag Warning: 
Relative route 
resolution within Splat 
routes is changing in 
v7. You can use the 
`v7_relativeSplatPath` 
future flag to opt-in 
early. For more 
information, see https://
reactrouter.com/v6/upgrad
ing/future#v7_relativespl
atpath.
                  [33mclass[39m=[32m"font-medium tracking-wide text-sm"[39m
                [36m>[39m
                  [0mMarket Overview[0m
                [36m</span>[39m
              [36m</button>[39m
              [36m<button[39m
                [33mclass[39m=[32m"
                  flex items-center space-x-2 px-5 py-2.5 rounded transition-all duration-300 border border-transparent
                  text-gray-400 hover:text-gold-200 hover:bg-white/5
                "[39m
                [33mtitle[39m=[32m"AI-powered stock price predictions"[39m
              [36m>[39m
                [36m<span[39m
                  [33mclass[39m=[32m"text-gray-500 group-hover:text-gold-300"[39m
                [36m>[39m
                  [36m<svg[39m
                    [33mclass[39m=[32m"lucide lucide-trending-up w-5 h-5"[39m
                    [33mfill[39m=[32m"none"[39m
                    [33mheight[39m=[32m"24"[39m
                    [33mstroke[39m=[32m"currentColor"[39m
                    [33mstroke-linecap[39m=[32m"round"[39m
                    [33mstroke-linejoin[39m=[32m"round"[39m
                    [33mstroke-width[39m=[32m"2"[39m
                    [33mviewBox[39m=[32m"0 0 24 24"[39m
                    [33mwidth[39m=[32m"24"[39m
                    [33mxmlns[39m=[32m"http://www.w3.org/2000/svg"[39m
                  [36m>[39m
                    [36m<polyline[39m
                      [33mpoints[39m=[32m"22 7 13.5 15.5 8.5 10.5 2 17"[39m
                    [36m/>[39m
                    [36m<polyline[39m
                      [33mpoints[39m=[32m"16 7 22 7 22 13"[39m
                    [36m/>[39m
                  [36m</svg>[39m
                [36m</span>[39m
                [36m<span[39m
                  [33mclass[39m=[32m"font-medium tracking-wide text-sm"[39m
                [36m>[39m
                  [0mStock Prediction[0m
                [36m</span>[39m
              [36m</button>[39m
              [36m<button[39m
       ...
Health check response: {
  service_status: [32m'healthy'[39m,
  timestamp: [32m'2025-12-07T06:55:32.538Z'[39m,
  cached_models_count: [33m5[39m,
  pdm_engine_status: [32m'active'[39m
}

Γ£à Backend services initialized successfully

[90mstdout[2m | src/features/Shell/App.test.tsx[2m > [22m[2mApp[2m > [22m[2mrenders the main application container
[22m[39m[36m<body>[39m
  [36m<div>[39m
    [36m<div[39m
      [33mclass[39m=[32m"min-h-screen bg-black text-gray-100 selection:bg-gold-500 selection:text-black"[39m
    [36m>[39m
      [36m<header[39m
        [33mclass[39m=[32m"bg-black border-b border-gold-900/50 shadow-lg relative z-50"[39m
      [36m>[39m
        [36m<div[39m
          [33mclass[39m=[32m"container mx-auto px-4"[39m
        [36m>[39m
          [36m<div[39m
            [33mclass[39m=[32m"flex items-center justify-between h-20"[39m
          [36m>[39m
            [36m<div[39m
              [33mclass[39m=[32m"flex items-center space-x-6"[39m
            [36m>[39m
              [36m<div[39m
                [33mclass[39m=[32m"flex items-center space-x-3"[39m
              [36m>[39m
                [36m<div[39m
                  [33mclass[39m=[32m"w-12 h-12 flex items-center justify-center overflow-hidden rounded-md border border-gold-900/30"[39m
                [36m>[39m
                  [36m<img[39m
                    [33malt[39m=[32m"Roneira Logo"[39m
                    [33mclass[39m=[32m"w-full h-full object-contain filter grayscale contrast-125"[39m
                    [33msrc[39m=[32m"/logo.jpg"[39m
                  [36m/>[39m
                [36m</div>[39m
                [36m<div>[39m
                  [36m<h1[39m
                    [33mclass[39m=[32m"text-2xl font-bold text-white tracking-wide uppercase whitespace-nowrap"[39m
                  [36m>[39m
                    [0mRoneira [0m
                    [36m<span[39m
                      [33mclass[39m=[32m"text-gold-500"[39m
                    [36m>[39m
                      [0mEnterprises AI[0m
                    [36m</span>[39m
                  [36m</h1>[39m
                  [36m<p[39m
                    [33mclass[39m=[32m"text-[10px] text-gold-400/80 tracking-[0.2em] uppercase mt-0.5"[39m
                  [36m>[39m
                    [0mPrivate Equity & Intelligence[0m
                  [36m</p>[39m
                [36m</div>[39m
              [36m</div>[39m
            [36m</div>[39m
            [36m<nav[39m
              [33mclass[39m=[32m"hidden md:flex space-x-2"[39m
            [36m>[39m
              [36m<button[39m
                [33mclass[39m=[32m"
                  flex items-center space-x-2 px-5 py-2.5 rounded transition-all duration-300 border border-transparent
                  bg-gold-500/10 text-gold-400 border-gold-500/20 shadow-[0_0_15px_rgba(212,175,55,0.1)]
                "[39m
                [33mtitle[39m=[32m"Real-time market overview and top performers"[39m
              [36m>[39m
                [36m<span[39m
                  [33mclass[39m=[32m"text-gold-500"[39m
                [36m>[39m
                  [36m<svg[39m
                    [33mclass[39m=[32m"lucide lucide-layout-dashboard w-5 h-5"[39m
                    [33mfill[39m=[32m"none"[39m
                    [33mheight[39m=[32m"24"[39m
                    [33mstroke[39m=[32m"currentColor"[39m
                    [33mstroke-linecap[39m=[32m"round"[39m
                    [33mstroke-linejoin[39m=[32m"round"[39m
                    [33mstroke-width[39m=[32m"2"[39m
                    [33mviewBox[39m=[32m"0 0 24 24"[39m
                    [33mwidth[39m=[32m"24"[39m
                    [33mxmlns[39m=[32m"http://www.w3.org/2000/svg"[39m
                  [36m>[39m
                    [36m<rect[39m
                      [33mheight[39m=[32m"9"[39m
                      [33mrx[39m=[32m"1"[39m
                      [33mwidth[39m=[32m"7"[39m
                      [33mx[39m=[32m"3"[39m
                      [33my[39m=[32m"3"[39m
                    [36m/>[39m
                    [36m<rect[39m
                      [33mheight[39m=[32m"5"[39m
                      [33mrx[39m=[32m"1"[39m
                      [33mwidth[39m=[32m"7"[39m
                      [33mx[39m=[32m"14"[39m
                      [33my[39m=[32m"3"[39m
                    [36m/>[39m
                    [36m<rect[39m
                      [33mheight[39m=[32m"9"[39m
                      [33mrx[39m=[32m"1"[39m
                      [33mwidth[39m=[32m"7"[39m
                      [33mx[39m=[32m"14"[39m
                      [33my[39m=[32m"12"[39m
                    [36m/>[39m
                    [36m<rect[39m
                      [33mheight[39m=[32m"5"[39m
                      [33mrx[39m=[32m"1"[39m
                      [33mwidth[39m=[32m"7"[39m
                      [33mx[39m=[32m"3"[39m
                      [33my[39m=[32m"16"[39m
                    [36m/>[39m
                  [36m</svg>[39m
                [36m</span>[39m
                [36m<span[39m
                  [33mclass[39m=[32m"font-medium tracking-wide text-sm"[39m
                [36m>[39m
                  [0mMarket Overview[0m
                [36m</span>[39m
              [36m</button>[39m
              [36m<button[39m
                [33mclass[39m=[32m"
                  flex items-center space-x-2 px-5 py-2.5 rounded transition-all duration-300 border border-transparent
                  text-gray-400 hover:text-gold-200 hover:bg-white/5
                "[39m
                [33mtitle[39m=[32m"AI-powered stock price predictions"[39m
              [36m>[39m
                [36m<span[39m
                  [33mclass[39m=[32m"text-gray-500 group-hover:text-gold-300"[39m
                [36m>[39m
                  [36m<svg[39m
                    [33mclass[39m=[32m"lucide lucide-trending-up w-5 h-5"[39m
                    [33mfill[39m=[32m"none"[39m
                    [33mheight[39m=[32m"24"[39m
                    [33mstroke[39m=[32m"currentColor"[39m
                    [33mstroke-linecap[39m=[32m"round"[39m
                    [33mstroke-linejoin[39m=[32m"round"[39m
                    [33mstroke-width[39m=[32m"2"[39m
                    [33mviewBox[39m=[32m"0 0 24 24"[39m
                    [33mwidth[39m=[32m"24"[39m
                    [33mxmlns[39m=[32m"http://www.w3.org/2000/svg"[39m
                  [36m>[39m
                    [36m<polyline[39m
                      [33mpoints[39m=[32m"22 7 13.5 15.5 8.5 10.5 2 17"[39m
                    [36m/>[39m
                    [36m<polyline[39m
                      [33mpoints[39m=[32m"16 7 22 7 22 13"[39m
                    [36m/>[39m
                  [36m</svg>[39m
                [36m</span>[39m
                [36m<span[39m
                  [33mclass[39m=[32m"font-medium tracking-wide text-sm"[39m
                [36m>[39m
                  [0mStock Prediction[0m
                [36m</span>[39m
              [36m</button>[39m
              [36m<button[39m
       ...

[90mstdout[2m | src/features/Shell/App.test.tsx[2m > [22m[2mApp[2m > [22m[2mrenders the main application container
[22m[39m[36m<body>[39m
  [36m<div>[39m
    [36m<div[39m
      [33mclass[39m=[32m"min-h-screen bg-black text-gray-100 selection:bg-gold-500 selection:text-black"[39m
    [36m>[39m
      [36m<header[39m
        [33mclass[39m=[32m"bg-black border-b border-gold-900/50 shadow-lg relative z-50"[39m
      [36m>[39m
        [36m<div[39m
          [33mclass[39m=[32m"container mx-auto px-4"[39m
        [36m>[39m
          [36m<div[39m
            [33mclass[39m=[32m"flex items-center justify-between h-20"[39m
          [36m>[39m
            [36m<div[39m
              [33mclass[39m=[32m"flex items-center space-x-6"[39m
            [36m>[39m
              [36m<div[39m
                [33mclass[39m=[32m"flex items-center space-x-3"[39m
              [36m>[39m
                [36m<div[39m
                  [33mclass[39m=[32m"w-12 h-12 flex items-center justify-center overflow-hidden rounded-md border border-gold-900/30"[39m
                [36m>[39m
                  [36m<img[39m
                    [33malt[39m=[32m"Roneira Logo"[39m
                    [33mclass[39m=[32m"w-full h-full object-contain filter grayscale contrast-125"[39m
                    [33msrc[39m=[32m"/logo.jpg"[39m
                  [36m/>[39m
                [36m</div>[39m
                [36m<div>[39m
                  [36m<h1[39m
                    [33mclass[39m=[32m"text-2xl font-bold text-white tracking-wide uppercase whitespace-nowrap"[39m
                  [36m>[39m
                    [0mRoneira [0m
                    [36m<span[39m
                      [33mclass[39m=[32m"text-gold-500"[39m
                    [36m>[39m
                      [0mEnterprises AI[0m
                    [36m</span>[39m
                  [36m</h1>[39m
                  [36m<p[39m
                    [33mclass[39m=[32m"text-[10px] text-gold-400/80 tracking-[0.2em] uppercase mt-0.5"[39m
                  [36m>[39m
                    [0mPrivate Equity & Intelligence[0m
                  [36m</p>[39m
                [36m</div>[39m
              [36m</div>[39m
            [36m</div>[39m
            [36m<nav[39m
              [33mclass[39m=[32m"hidden md:flex space-x-2"[39m
            [36m>[39m
              [36m<button[39m
                [33mclass[39m=[32m"
                  flex items-center space-x-2 px-5 py-2.5 rounded transition-all duration-300 border border-transparent
                  bg-gold-500/10 text-gold-400 border-gold-500/20 shadow-[0_0_15px_rgba(212,175,55,0.1)]
                "[39m
                [33mtitle[39m=[32m"Real-time market overview and top performers"[39m
              [36m>[39m
                [36m<span[39m
                  [33mclass[39m=[32m"text-gold-500"[39m
                [36m>[39m
                  [36m<svg[39m
                    [33mclass[39m=[32m"lucide lucide-layout-dashboard w-5 h-5"[39m
                    [33mfill[39m=[32m"none"[39m
                    [33mheight[39m=[32m"24"[39m
                    [33mstroke[39m=[32m"currentColor"[39m
                    [33mstroke-linecap[39m=[32m"round"[39m
                    [33mstroke-linejoin[39m=[32m"round"[39m
                    [33mstroke-width[39m=[32m"2"[39m
                    [33mviewBox[39m=[32m"0 0 24 24"[39m
                    [33mwidth[39m=[32m"24"[39m
                    [33mxmlns[39m=[32m"http://www.w3.org/2000/svg"[39m
                  [36m>[39m
                    [36m<rect[39m
                      [33mheight[39m=[32m"9"[39m
                      [33mrx[39m=[32m"1"[39m
                      [33mwidth[39m=[32m"7"[39m
                      [33mx[39m=[32m"3"[39m
                      [33my[39m=[32m"3"[39m
                    [36m/>[39m
                    [36m<rect[39m
                      [33mheight[39m=[32m"5"[39m
                      [33mrx[39m=[32m"1"[39m
                      [33mwidth[39m=[32m"7"[39m
                      [33mx[39m=[32m"14"[39m
                      [33my[39m=[32m"3"[39m
                    [36m/>[39m
                    [36m<rect[39m
                      [33mheight[39m=[32m"9"[39m
                      [33mrx[39m=[32m"1"[39m
                      [33mwidth[39m=[32m"7"[39m
                      [33mx[39m=[32m"14"[39m
                      [33my[39m=[32m"12"[39m
                    [36m/>[39m
                    [36m<rect[39m
                      [33mheight[39m=[32m"5"[39m
                      [33mrx[39m=[32m"1"[39m
                      [33mwidth[39m=[32m"7"[39m
                      [33mx[39m=[32m"3"[39m
                      [33my[39m=[32m"16"[39m
                    [36m/>[39m
                  [36m</svg>[39m
                [36m</span>[39m
                [36m<span[39m
                  [33mclass[39m=[32m"font-medium tracking-wide text-sm"[39m
                [36m>[39m
                  [0mMarket Overview[0m
                [36m</span>[39m
              [36m</button>[39m
              [36m<button[39m
                [33mclass[39m=[32m"
                  flex items-center space-x-2 px-5 py-2.5 rounded transition-all duration-300 border border-transparent
                  text-gray-400 hover:text-gold-200 hover:bg-white/5
                "[39m
                [33mtitle[39m=[32m"AI-powered stock price predictions"[39m
              [36m>[39m
                [36m<span[39m
                  [33mclass[39m=[32m"text-gray-500 group-hover:text-gold-300"[39m
                [36m>[39m
                  [36m<svg[39m
                    [33mclass[39m=[32m"lucide lucide-trending-up w-5 h-5"[39m
                    [33mfill[39m=[32m"none"[39m
                    [33mheight[39m=[32m"24"[39m
                    [33mstroke[39m=[32m"currentColor"[39m
                    [33mstroke-linecap[39m=[32m"round"[39m
                    [33mstroke-linejoin[39m=[32m"round"[39m
                    [33mstroke-width[39m=[32m"2"[39m
                    [33mviewBox[39m=[32m"0 0 24 24"[39m
                    [33mwidth[39m=[32m"24"[39m
                    [33mxmlns[39m=[32m"http://www.w3.org/2000/svg"[39m
                  [36m>[39m
                    [36m<polyline[39m
                      [33mpoints[39m=[32m"22 7 13.5 15.5 8.5 10.5 2 17"[39m
                    [36m/>[39m
                    [36m<polyline[39m
                      [33mpoints[39m=[32m"16 7 22 7 22 13"[39m
                    [36m/>[39m
                  [36m</svg>[39m
                [36m</span>[39m
                [36m<span[39m
                  [33mclass[39m=[32m"font-medium tracking-wide text-sm"[39m
                [36m>[39m
                  [0mStock Prediction[0m
                [36m</span>[39m
              [36m</button>[39m
              [36m<button[39m
       ...

[90mstdout[2m | src/features/Shell/App.test.tsx[2m > [22m[2mApp[2m > [22m[2mrenders the main application container
[22m[39m[36m<body>[39m
  [36m<div>[39m
    [36m<div[39m
      [33mclass[39m=[32m"min-h-screen bg-black text-gray-100 selection:bg-gold-500 selection:text-black"[39m
    [36m>[39m
      [36m<header[39m
        [33mclass[39m=[32m"bg-black border-b border-gold-900/50 shadow-lg relative z-50"[39m
      [36m>[39m
        [36m<div[39m
          [33mclass[39m=[32m"container mx-auto px-4"[39m
        [36m>[39m
          [36m<div[39m
            [33mclass[39m=[32m"flex items-center justify-between h-20"[39m
          [36m>[39m
            [36m<div[39m
              [33mclass[39m=[32m"flex items-center space-x-6"[39m
            [36m>[39m
              [36m<div[39m
                [33mclass[39m=[32m"flex items-center space-x-3"[39m
              [36m>[39m
                [36m<div[39m
                  [33mclass[39m=[32m"w-12 h-12 flex items-center justify-center overflow-hidden rounded-md border border-gold-900/30"[39m
                [36m>[39m
                  [36m<img[39m
                    [33malt[39m=[32m"Roneira Logo"[39m
                    [33mclass[39m=[32m"w-full h-full object-contain filter grayscale contrast-125"[39m
                    [33msrc[39m=[32m"/logo.jpg"[39m
                  [36m/>[39m
                [36m</div>[39m
                [36m<div>[39m
                  [36m<h1[39m
                    [33mclass[39m=[32m"text-2xl font-bold text-white tracking-wide uppercase whitespace-nowrap"[39m
                  [36m>[39m
                    [0mRoneira [0m
                    [36m<span[39m
                      [33mclass[39m=[32m"text-gold-500"[39m
                    [36m>[39m
                      [0mEnterprises AI[0m
                    [36m</span>[39m
                  [36m</h1>[39m
                  [36m<p[39m
                    [33mclass[39m=[32m"text-[10px] text-gold-400/80 tracking-[0.2em] uppercase mt-0.5"[39m
                  [36m>[39m
                    [0mPrivate Equity & Intelligence[0m
                  [36m</p>[39m
                [36m</div>[39m
              [36m</div>[39m
            [36m</div>[39m
            [36m<nav[39m
              [33mclass[39m=[32m"hidden md:flex space-x-2"[39m
            [36m>[39m
              [36m<button[39m
                [33mclass[39m=[32m"
                  flex items-center space-x-2 px-5 py-2.5 rounded transition-all duration-300 border border-transparent
                  bg-gold-500/10 text-gold-400 border-gold-500/20 shadow-[0_0_15px_rgba(212,175,55,0.1)]
                "[39m
                [33mtitle[39m=[32m"Real-time market overview and top performers"[39m
              [36m>[39m
                [36m<span[39m
                  [33mclass[39m=[32m"text-gold-500"[39m
                [36m>[39m
                  [36m<svg[39m
                    [33mclass[39m=[32m"lucide lucide-layout-dashboard w-5 h-5"[39m
                    [33mfill[39m=[32m"none"[39m
                    [33mheight[39m=[32m"24"[39m
                    [33mstroke[39m=[32m"currentColor"[39m
                    [33mstroke-linecap[39m=[32m"round"[39m
                    [33mstroke-linejoin[39m=[32m"round"[39m
                    [33mstroke-width[39m=[32m"2"[39m
                    [33mviewBox[39m=[32m"0 0 24 24"[39m
                    [33mwidth[39m=[32m"24"[39m
                    [33mxmlns[39m=[32m"http://www.w3.org/2000/svg"[39m
                  [36m>[39m
                    [36m<rect[39m
                      [33mheight[39m=[32m"9"[39m
                      [33mrx[39m=[32m"1"[39m
                      [33mwidth[39m=[32m"7"[39m
                      [33mx[39m=[32m"3"[39m
                      [33my[39m=[32m"3"[39m
                    [36m/>[39m
                    [36m<rect[39m
                      [33mheight[39m=[32m"5"[39m
                      [33mrx[39m=[32m"1"[39m
                      [33mwidth[39m=[32m"7"[39m
                      [33mx[39m=[32m"14"[39m
                      [33my[39m=[32m"3"[39m
                    [36m/>[39m
                    [36m<rect[39m
                      [33mheight[39m=[32m"9"[39m
                      [33mrx[39m=[32m"1"[39m
                      [33mwidth[39m=[32m"7"[39m
                      [33mx[39m=[32m"14"[39m
                      [33my[39m=[32m"12"[39m
                    [36m/>[39m
                    [36m<rect[39m
                      [33mheight[39m=[32m"5"[39m
                      [33mrx[39m=[32m"1"[39m
                      [33mwidth[39m=[32m"7"[39m
                      [33mx[39m=[32m"3"[39m
                      [33my[39m=[32m"16"[39m
                    [36m/>[39m
                  [36m</svg>[39m
                [36m</span>[39m
                [36m<span[39m
                  [33mclass[39m=[32m"font-medium tracking-wide text-sm"[39m
                [36m>[39m
                  [0mMarket Overview[0m
                [36m</span>[39m
              [36m</button>[39m
              [36m<button[39m
                [33mclass[39m=[32m"
                  flex items-center space-x-2 px-5 py-2.5 rounded transition-all duration-300 border border-transparent
                  text-gray-400 hover:text-gold-200 hover:bg-white/5
                "[39m
                [33mtitle[39m=[32m"AI-powered stock price predictions"[39m
              [36m>[39m
                [36m<span[39m
                  [33mclass[39m=[32m"text-gray-500 group-hover:text-gold-300"[39m
                [36m>[39m
                  [36m<svg[39m
                    [33mclass[39m=[32m"lucide lucide-trending-up w-5 h-5"[39m
                    [33mfill[39m=[32m"none"[39m
                    [33mheight[39m=[32m"24"[39m
                    [33mstroke[39m=[32m"currentColor"[39m
                    [33mstroke-linecap[39m=[32m"round"[39m
                    [33mstroke-linejoin[39m=[32m"round"[39m
                    [33mstroke-width[39m=[32m"2"[39m
                    [33mviewBox[39m=[32m"0 0 24 24"[39m
                    [33mwidth[39m=[32m"24"[39m
                    [33mxmlns[39m=[32m"http://www.w3.org/2000/svg"[39m
                  [36m>[39m
                    [36m<polyline[39m
                      [33mpoints[39m=[32m"22 7 13.5 15.5 8.5 10.5 2 17"[39m
                    [36m/>[39m
                    [36m<polyline[39m
                      [33mpoints[39m=[32m"16 7 22 7 22 13"[39m
                    [36m/>[39m
                  [36m</svg>[39m
                [36m</span>[39m
                [36m<span[39m
                  [33mclass[39m=[32m"font-medium tracking-wide text-sm"[39m
                [36m>[39m
                  [0mStock Prediction[0m
                [36m</span>[39m
              [36m</button>[39m
              [36m<button[39m
       ...

[90mstdout[2m | src/features/Shell/App.test.tsx[2m > [22m[2mApp[2m > [22m[2mrenders the main application container
[22m[39m[36m<body>[39m
  [36m<div>[39m
    [36m<div[39m
      [33mclass[39m=[32m"min-h-screen bg-black text-gray-100 selection:bg-gold-500 selection:text-black"[39m
    [36m>[39m
      [36m<header[39m
        [33mclass[39m=[32m"bg-black border-b border-gold-900/50 shadow-lg relative z-50"[39m
      [36m>[39m
        [36m<div[39m
          [33mclass[39m=[32m"container mx-auto px-4"[39m
        [36m>[39m
          [36m<div[39m
            [33mclass[39m=[32m"flex items-center justify-between h-20"[39m
          [36m>[39m
            [36m<div[39m
              [33mclass[39m=[32m"flex items-center space-x-6"[39m
            [36m>[39m
              [36m<div[39m
                [33mclass[39m=[32m"flex items-center space-x-3"[39m
              [36m>[39m
                [36m<div[39m
                  [33mclass[39m=[32m"w-12 h-12 flex items-center justify-center overflow-hidden rounded-md border border-gold-900/30"[39m
                [36m>[39m
                  [36m<img[39m
                    [33malt[39m=[32m"Roneira Logo"[39m
                    [33mclass[39m=[32m"w-full h-full object-contain filter grayscale contrast-125"[39m
                    [33msrc[39m=[32m"/logo.jpg"[39m
                  [36m/>[39m
                [36m</div>[39m
                [36m<div>[39m
                  [36m<h1[39m
                    [33mclass[39m=[32m"text-2xl font-bold text-white tracking-wide uppercase whitespace-nowrap"[39m
                  [36m>[39m
                    [0mRoneira [0m
                    [36m<span[39m
                      [33mclass[39m=[32m"text-gold-500"[39m
                    [36m>[39m
                      [0mEnterprises AI[0m
                    [36m</span>[39m
                  [36m</h1>[39m
                  [36m<p[39m
                    [33mclass[39m=[32m"text-[10px] text-gold-400/80 tracking-[0.2em] uppercase mt-0.5"[39m
                  [36m>[39m
                    [0mPrivate Equity & Intelligence[0m
                  [36m</p>[39m
                [36m</div>[39m
              [36m</div>[39m
            [36m</div>[39m
            [36m<nav[39m
              [33mclass[39m=[32m"hidden md:flex space-x-2"[39m
            [36m>[39m
              [36m<button[39m
                [33mclass[39m=[32m"
                  flex items-center space-x-2 px-5 py-2.5 rounded transition-all duration-300 border border-transparent
                  bg-gold-500/10 text-gold-400 border-gold-500/20 shadow-[0_0_15px_rgba(212,175,55,0.1)]
                "[39m
                [33mtitle[39m=[32m"Real-time market overview and top performers"[39m
              [36m>[39m
                [36m<span[39m
                  [33mclass[39m=[32m"text-gold-500"[39m
                [36m>[39m
                  [36m<svg[39m
                    [33mclass[39m=[32m"lucide lucide-layout-dashboard w-5 h-5"[39m
                    [33mfill[39m=[32m"none"[39m
                    [33mheight[39m=[32m"24"[39m
                    [33mstroke[39m=[32m"currentColor"[39m
                    [33mstroke-linecap[39m=[32m"round"[39m
                    [33mstroke-linejoin[39m=[32m"round"[39m
                    [33mstroke-width[39m=[32m"2"[39m
                    [33mviewBox[39m=[32m"0 0 24 24"[39m
                    [33mwidth[39m=[32m"24"[39m
                    [33mxmlns[39m=[32m"http://www.w3.org/2000/svg"[39m
                  [36m>[39m
                    [36m<rect[39m
                      [33mheight[39m=[32m"9"[39m
                      [33mrx[39m=[32m"1"[39m
                      [33mwidth[39m=[32m"7"[39m
                      [33mx[39m=[32m"3"[39m
                      [33my[39m=[32m"3"[39m
                    [36m/>[39m
                    [36m<rect[39m
                      [33mheight[39m=[32m"5"[39m
                      [33mrx[39m=[32m"1"[39m
                      [33mwidth[39m=[32m"7"[39m
                      [33mx[39m=[32m"14"[39m
                      [33my[39m=[32m"3"[39m
                    [36m/>[39m
                    [36m<rect[39m
                      [33mheight[39m=[32m"9"[39m
                      [33mrx[39m=[32m"1"[39m
                      [33mwidth[39m=[32m"7"[39m
                      [33mx[39m=[32m"14"[39m
                      [33my[39m=[32m"12"[39m
                    [36m/>[39m
                    [36m<rect[39m
                      [33mheight[39m=[32m"5"[39m
                      [33mrx[39m=[32m"1"[39m
                      [33mwidth[39m=[32m"7"[39m
                      [33mx[39m=[32m"3"[39m
                      [33my[39m=[32m"16"[39m
                    [36m/>[39m
                  [36m</svg>[39m
                [36m</span>[39m
                [36m<span[39m
                  [33mclass[39m=[32m"font-medium tracking-wide text-sm"[39m
                [36m>[39m
                  [0mMarket Overview[0m
                [36m</span>[39m
              [36m</button>[39m
              [36m<button[39m
                [33mclass[39m=[32m"
                  flex items-center space-x-2 px-5 py-2.5 rounded transition-all duration-300 border border-transparent
                  text-gray-400 hover:text-gold-200 hover:bg-white/5
                "[39m
                [33mtitle[39m=[32m"AI-powered stock price predictions"[39m
              [36m>[39m
                [36m<span[39m
                  [33mclass[39m=[32m"text-gray-500 group-hover:text-gold-300"[39m
                [36m>[39m
                  [36m<svg[39m
                    [33mclass[39m=[32m"lucide lucide-trending-up w-5 h-5"[39m
                    [33mfill[39m=[32m"none"[39m
                    [33mheight[39m=[32m"24"[39m
                    [33mstroke[39m=[32m"currentColor"[39m
                    [33mstroke-linecap[39m=[32m"round"[39m
                    [33mstroke-linejoin[39m=[32m"round"[39m
                    [33mstroke-width[39m=[32m"2"[39m
                    [33mviewBox[39m=[32m"0 0 24 24"[39m
                    [33mwidth[39m=[32m"24"[39m
                    [33mxmlns[39m=[32m"http://www.w3.org/2000/svg"[39m
                  [36m>[39m
                    [36m<polyline[39m
                      [33mpoints[39m=[32m"22 7 13.5 15.5 8.5 10.5 2 17"[39m
                    [36m/>[39m
                    [36m<polyline[39m
                      [33mpoints[39m=[32m"16 7 22 7 22 13"[39m
                    [36m/>[39m
                  [36m</svg>[39m
                [36m</span>[39m
                [36m<span[39m
                  [33mclass[39m=[32m"font-medium tracking-wide text-sm"[39m
                [36m>[39m
                  [0mStock Prediction[0m
                [36m</span>[39m
              [36m</button>[39m
              [36m<button[39m
       ...

[90mstdout[2m | src/features/Shell/App.test.tsx[2m > [22m[2mApp[2m > [22m[2mrenders the main application container
[22m[39m[36m<body>[39m
  [36m<div>[39m
    [36m<div[39m
      [33mclass[39m=[32m"min-h-screen bg-black text-gray-100 selection:bg-gold-500 selection:text-black"[39m
    [36m>[39m
      [36m<header[39m
        [33mclass[39m=[32m"bg-black border-b border-gold-900/50 shadow-lg relative z-50"[39m
      [36m>[39m
        [36m<div[39m
          [33mclass[39m=[32m"container mx-auto px-4"[39m
        [36m>[39m
          [36m<div[39m
            [33mclass[39m=[32m"flex items-center justify-between h-20"[39m
          [36m>[39m
            [36m<div[39m
              [33mclass[39m=[32m"flex items-center space-x-6"[39m
            [36m>[39m
              [36m<div[39m
                [33mclass[39m=[32m"flex items-center space-x-3"[39m
              [36m>[39m
                [36m<div[39m
                  [33mclass[39m=[32m"w-12 h-12 flex items-center justify-center overflow-hidden rounded-md border border-gold-900/30"[39m
                [36m>[39m
                  [36m<img[39m
                    [33malt[39m=[32m"Roneira Logo"[39m
                    [33mclass[39m=[32m"w-full h-full object-contain filter grayscale contrast-125"[39m
                    [33msrc[39m=[32m"/logo.jpg"[39m
                  [36m/>[39m
                [36m</div>[39m
                [36m<div>[39m
                  [36m<h1[39m
                    [33mclass[39m=[32m"text-2xl font-bold text-white tracking-wide uppercase whitespace-nowrap"[39m
                  [36m>[39m
                    [0mRoneira [0m
                    [36m<span[39m
                      [33mclass[39m=[32m"text-gold-500"[39m
                    [36m>[39m
                      [0mEnterprises AI[0m
                    [36m</span>[39m
                  [36m</h1>[39m
                  [36m<p[39m
                    [33mclass[39m=[32m"text-[10px] text-gold-400/80 tracking-[0.2em] uppercase mt-0.5"[39m
                  [36m>[39m
                    [0mPrivate Equity & Intelligence[0m
                  [36m</p>[39m
                [36m</div>[39m
              [36m</div>[39m
            [36m</div>[39m
            [36m<nav[39m
              [33mclass[39m=[32m"hidden md:flex space-x-2"[39m
            [36m>[39m
              [36m<button[39m
                [33mclass[39m=[32m"
                  flex items-center space-x-2 px-5 py-2.5 rounded transition-all duration-300 border border-transparent
                  bg-gold-500/10 text-gold-400 border-gold-500/20 shadow-[0_0_15px_rgba(212,175,55,0.1)]
                "[39m
                [33mtitle[39m=[32m"Real-time market overview and top performers"[39m
              [36m>[39m
                [36m<span[39m
                  [33mclass[39m=[32m"text-gold-500"[39m
                [36m>[39m
                  [36m<svg[39m
                    [33mclass[39m=[32m"lucide lucide-layout-dashboard w-5 h-5"[39m
                    [33mfill[39m=[32m"none"[39m
                    [33mheight[39m=[32m"24"[39m
                    [33mstroke[39m=[32m"currentColor"[39m
                    [33mstroke-linecap[39m=[32m"round"[39m
                    [33mstroke-linejoin[39m=[32m"round"[39m
                    [33mstroke-width[39m=[32m"2"[39m
                    [33mviewBox[39m=[32m"0 0 24 24"[39m
                    [33mwidth[39m=[32m"24"[39m
                    [33mxmlns[39m=[32m"http://www.w3.org/2000/svg"[39m
                  [36m>[39m
                    [36m<rect[39m
                      [33mheight[39m=[32m"9"[39m
                      [33mrx[39m=[32m"1"[39m
                      [33mwidth[39m=[32m"7"[39m
                      [33mx[39m=[32m"3"[39m
                      [33my[39m=[32m"3"[39m
                    [36m/>[39m
                    [36m<rect[39m
                      [33mheight[39m=[32m"5"[39m
                      [33mrx[39m=[32m"1"[39m
                      [33mwidth[39m=[32m"7"[39m
                      [33mx[39m=[32m"14"[39m
                      [33my[39m=[32m"3"[39m
                    [36m/>[39m
                    [36m<rect[39m
                      [33mheight[39m=[32m"9"[39m
                      [33mrx[39m=[32m"1"[39m
                      [33mwidth[39m=[32m"7"[39m
                      [33mx[39m=[32m"14"[39m
                      [33my[39m=[32m"12"[39m
                    [36m/>[39m
                    [36m<rect[39m
                      [33mheight[39m=[32m"5"[39m
                      [33mrx[39m=[32m"1"[39m
                      [33mwidth[39m=[32m"7"[39m
                      [33mx[39m=[32m"3"[39m
                      [33my[39m=[32m"16"[39m
                    [36m/>[39m
                  [36m</svg>[39m
                [36m</span>[39m
                [36m<span[39m
                  [33mclass[39m=[32m"font-medium tracking-wide text-sm"[39m
                [36m>[39m
                  [0mMarket Overview[0m
                [36m</span>[39m
              [36m</button>[39m
              [36m<button[39m
                [33mclass[39m=[32m"
                  flex items-center space-x-2 px-5 py-2.5 rounded transition-all duration-300 border border-transparent
                  text-gray-400 hover:text-gold-200 hover:bg-white/5
                "[39m
                [33mtitle[39m=[32m"AI-powered stock price predictions"[39m
              [36m>[39m
                [36m<span[39m
                  [33mclass[39m=[32m"text-gray-500 group-hover:text-gold-300"[39m
                [36m>[39m
                  [36m<svg[39m
                    [33mclass[39m=[32m"lucide lucide-trending-up w-5 h-5"[39m
                    [33mfill[39m=[32m"none"[39m
                    [33mheight[39m=[32m"24"[39m
                    [33mstroke[39m=[32m"currentColor"[39m
                    [33mstroke-linecap[39m=[32m"round"[39m
                    [33mstroke-linejoin[39m=[32m"round"[39m
                    [33mstroke-width[39m=[32m"2"[39m
                    [33mviewBox[39m=[32m"0 0 24 24"[39m
                    [33mwidth[39m=[32m"24"[39m
                    [33mxmlns[39m=[32m"http://www.w3.org/2000/svg"[39m
                  [36m>[39m
                    [36m<polyline[39m
                      [33mpoints[39m=[32m"22 7 13.5 15.5 8.5 10.5 2 17"[39m
                    [36m/>[39m
                    [36m<polyline[39m
                      [33mpoints[39m=[32m"16 7 22 7 22 13"[39m
                    [36m/>[39m
                  [36m</svg>[39m
                [36m</span>[39m
                [36m<span[39m
                  [33mclass[39m=[32m"font-medium tracking-wide text-sm"[39m
                [36m>[39m
                  [0mStock Prediction[0m
                [36m</span>[39m
              [36m</button>[39m
              [36m<button[39m
       ...

[90mstdout[2m | src/features/Shell/App.test.tsx[2m > [22m[2mApp[2m > [22m[2mrenders the main application container
[22m[39m[36m<body>[39m
  [36m<div>[39m
    [36m<div[39m
      [33mclass[39m=[32m"min-h-screen bg-black text-gray-100 selection:bg-gold-500 selection:text-black"[39m
    [36m>[39m
      [36m<header[39m
        [33mclass[39m=[32m"bg-black border-b border-gold-900/50 shadow-lg relative z-50"[39m
      [36m>[39m
        [36m<div[39m
          [33mclass[39m=[32m"container mx-auto px-4"[39m
        [36m>[39m
          [36m<div[39m
            [33mclass[39m=[32m"flex items-center justify-between h-20"[39m
          [36m>[39m
            [36m<div[39m
              [33mclass[39m=[32m"flex items-center space-x-6"[39m
            [36m>[39m
              [36m<div[39m
                [33mclass[39m=[32m"flex items-center space-x-3"[39m
              [36m>[39m
                [36m<div[39m
                  [33mclass[39m=[32m"w-12 h-12 flex items-center justify-center overflow-hidden rounded-md border border-gold-900/30"[39m
                [36m>[39m
                  [36m<img[39m
                    [33malt[39m=[32m"Roneira Logo"[39m
                    [33mclass[39m=[32m"w-full h-full object-contain filter grayscale contrast-125"[39m
                    [33msrc[39m=[32m"/logo.jpg"[39m
                  [36m/>[39m
                [36m</div>[39m
                [36m<div>[39m
                  [36m<h1[39m
                    [33mclass[39m=[32m"text-2xl font-bold text-white tracking-wide uppercase whitespace-nowrap"[39m
                  [36m>[39m
                    [0mRoneira [0m
                    [36m<span[39m
                      [33mclass[39m=[32m"text-gold-500"[39m
                    [36m>[39m
                      [0mEnterprises AI[0m
                    [36m</span>[39m
                  [36m</h1>[39m
                  [36m<p[39m
                    [33mclass[39m=[32m"text-[10px] text-gold-400/80 tracking-[0.2em] uppercase mt-0.5"[39m
                  [36m>[39m
                    [0mPrivate Equity & Intelligence[0m
                  [36m</p>[39m
                [36m</div>[39m
              [36m</div>[39m
            [36m</div>[39m
            [36m<nav[39m
              [33mclass[39m=[32m"hidden md:flex space-x-2"[39m
            [36m>[39m
              [36m<button[39m
                [33mclass[39m=[32m"
                  flex items-center space-x-2 px-5 py-2.5 rounded transition-all duration-300 border border-transparent
                  bg-gold-500/10 text-gold-400 border-gold-500/20 shadow-[0_0_15px_rgba(212,175,55,0.1)]
                "[39m
                [33mtitle[39m=[32m"Real-time market overview and top performers"[39m
              [36m>[39m
                [36m<span[39m
                  [33mclass[39m=[32m"text-gold-500"[39m
                [36m>[39m
                  [36m<svg[39m
                    [33mclass[39m=[32m"lucide lucide-layout-dashboard w-5 h-5"[39m
                    [33mfill[39m=[32m"none"[39m
                    [33mheight[39m=[32m"24"[39m
                    [33mstroke[39m=[32m"currentColor"[39m
                    [33mstroke-linecap[39m=[32m"round"[39m
                    [33mstroke-linejoin[39m=[32m"round"[39m
                    [33mstroke-width[39m=[32m"2"[39m
                    [33mviewBox[39m=[32m"0 0 24 24"[39m
                    [33mwidth[39m=[32m"24"[39m
                    [33mxmlns[39m=[32m"http://www.w3.org/2000/svg"[39m
                  [36m>[39m
                    [36m<rect[39m
                      [33mheight[39m=[32m"9"[39m
                      [33mrx[39m=[32m"1"[39m
                      [33mwidth[39m=[32m"7"[39m
                      [33mx[39m=[32m"3"[39m
                      [33my[39m=[32m"3"[39m
                    [36m/>[39m
                    [36m<rect[39m
                      [33mheight[39m=[32m"5"[39m
                      [33mrx[39m=[32m"1"[39m
                      [33mwidth[39m=[32m"7"[39m
                      [33mx[39m=[32m"14"[39m
                      [33my[39m=[32m"3"[39m
                    [36m/>[39m
                    [36m<rect[39m
                      [33mheight[39m=[32m"9"[39m
                      [33mrx[39m=[32m"1"[39m
                      [33mwidth[39m=[32m"7"[39m
                      [33mx[39m=[32m"14"[39m
                      [33my[39m=[32m"12"[39m
                    [36m/>[39m
                    [36m<rect[39m
                      [33mheight[39m=[32m"5"[39m
                      [33mrx[39m=[32m"1"[39m
                      [33mwidth[39m=[32m"7"[39m
                      [33mx[39m=[32m"3"[39m
                      [33my[39m=[32m"16"[39m
                    [36m/>[39m
                  [36m</svg>[39m
                [36m</span>[39m
                [36m<span[39m
                  [33mclass[39m=[32m"font-medium tracking-wide text-sm"[39m
                [36m>[39m
                  [0mMarket Overview[0m
                [36m</span>[39m
              [36m</button>[39m
              [36m<button[39m
                [33mclass[39m=[32m"
                  flex items-center space-x-2 px-5 py-2.5 rounded transition-all duration-300 border border-transparent
                  text-gray-400 hover:text-gold-200 hover:bg-white/5
                "[39m
                [33mtitle[39m=[32m"AI-powered stock price predictions"[39m
              [36m>[39m
                [36m<span[39m
                  [33mclass[39m=[32m"text-gray-500 group-hover:text-gold-300"[39m
                [36m>[39m
                  [36m<svg[39m
                    [33mclass[39m=[32m"lucide lucide-trending-up w-5 h-5"[39m
                    [33mfill[39m=[32m"none"[39m
                    [33mheight[39m=[32m"24"[39m
                    [33mstroke[39m=[32m"currentColor"[39m
                    [33mstroke-linecap[39m=[32m"round"[39m
                    [33mstroke-linejoin[39m=[32m"round"[39m
                    [33mstroke-width[39m=[32m"2"[39m
                    [33mviewBox[39m=[32m"0 0 24 24"[39m
                    [33mwidth[39m=[32m"24"[39m
                    [33mxmlns[39m=[32m"http://www.w3.org/2000/svg"[39m
                  [36m>[39m
                    [36m<polyline[39m
                      [33mpoints[39m=[32m"22 7 13.5 15.5 8.5 10.5 2 17"[39m
                    [36m/>[39m
                    [36m<polyline[39m
                      [33mpoints[39m=[32m"16 7 22 7 22 13"[39m
                    [36m/>[39m
                  [36m</svg>[39m
                [36m</span>[39m
                [36m<span[39m
                  [33mclass[39m=[32m"font-medium tracking-wide text-sm"[39m
                [36m>[39m
                  [0mStock Prediction[0m
                [36m</span>[39m
              [36m</button>[39m
              [36m<button[39m
       ...

[90mstdout[2m | src/features/Shell/App.test.tsx[2m > [22m[2mApp[2m > [22m[2mrenders the main application container
[22m[39m[36m<body>[39m
  [36m<div>[39m
    [36m<div[39m
      [33mclass[39m=[32m"min-h-screen bg-black text-gray-100 selection:bg-gold-500 selection:text-black"[39m
    [36m>[39m
      [36m<header[39m
        [33mclass[39m=[32m"bg-black border-b border-gold-900/50 shadow-lg relative z-50"[39m
      [36m>[39m
        [36m<div[39m
          [33mclass[39m=[32m"container mx-auto px-4"[39m
        [36m>[39m
          [36m<div[39m
            [33mclass[39m=[32m"flex items-center justify-between h-20"[39m
          [36m>[39m
            [36m<div[39m
              [33mclass[39m=[32m"flex items-center space-x-6"[39m
            [36m>[39m
              [36m<div[39m
                [33mclass[39m=[32m"flex items-center space-x-3"[39m
              [36m>[39m
                [36m<div[39m
                  [33mclass[39m=[32m"w-12 h-12 flex items-center justify-center overflow-hidden rounded-md border border-gold-900/30"[39m
                [36m>[39m
                  [36m<img[39m
                    [33malt[39m=[32m"Roneira Logo"[39m
                    [33mclass[39m=[32m"w-full h-full object-contain filter grayscale contrast-125"[39m
                    [33msrc[39m=[32m"/logo.jpg"[39m
                  [36m/>[39m
                [36m</div>[39m
                [36m<div>[39m
                  [36m<h1[39m
                    [33mclass[39m=[32m"text-2xl font-bold text-white tracking-wide uppercase whitespace-nowrap"[39m
                  [36m>[39m
                    [0mRoneira [0m
                    [36m<span[39m
                      [33mclass[39m=[32m"text-gold-500"[39m
                    [36m>[39m
                      [0mEnterprises AI[0m
                    [36m</span>[39m
                  [36m</h1>[39m
                  [36m<p[39m
                    [33mclass[39m=[32m"text-[10px] text-gold-400/80 tracking-[0.2em] uppercase mt-0.5"[39m
                  [36m>[39m
                    [0mPrivate Equity & Intelligence[0m
                  [36m</p>[39m
                [36m</div>[39m
              [36m</div>[39m
            [36m</div>[39m
            [36m<nav[39m
              [33mclass[39m=[32m"hidden md:flex space-x-2"[39m
            [36m>[39m
              [36m<button[39m
                [33mclass[39m=[32m"
                  flex items-center space-x-2 px-5 py-2.5 rounded transition-all duration-300 border border-transparent
                  bg-gold-500/10 text-gold-400 border-gold-500/20 shadow-[0_0_15px_rgba(212,175,55,0.1)]
                "[39m
                [33mtitle[39m=[32m"Real-time market overview and top performers"[39m
              [36m>[39m
                [36m<span[39m
                  [33mclass[39m=[32m"text-gold-500"[39m
                [36m>[39m
                  [36m<svg[39m
                    [33mclass[39m=[32m"lucide lucide-layout-dashboard w-5 h-5"[39m
                    [33mfill[39m=[32m"none"[39m
                    [33mheight[39m=[32m"24"[39m
                    [33mstroke[39m=[32m"currentColor"[39m
                    [33mstroke-linecap[39m=[32m"round"[39m
                    [33mstroke-linejoin[39m=[32m"round"[39m
                    [33mstroke-width[39m=[32m"2"[39m
                    [33mviewBox[39m=[32m"0 0 24 24"[39m
                    [33mwidth[39m=[32m"24"[39m
                    [33mxmlns[39m=[32m"http://www.w3.org/2000/svg"[39m
                  [36m>[39m
                    [36m<rect[39m
                      [33mheight[39m=[32m"9"[39m
                      [33mrx[39m=[32m"1"[39m
                      [33mwidth[39m=[32m"7"[39m
                      [33mx[39m=[32m"3"[39m
                      [33my[39m=[32m"3"[39m
                    [36m/>[39m
                    [36m<rect[39m
                      [33mheight[39m=[32m"5"[39m
                      [33mrx[39m=[32m"1"[39m
                      [33mwidth[39m=[32m"7"[39m
                      [33mx[39m=[32m"14"[39m
                      [33my[39m=[32m"3"[39m
                    [36m/>[39m
                    [36m<rect[39m
                      [33mheight[39m=[32m"9"[39m
                      [33mrx[39m=[32m"1"[39m
                      [33mwidth[39m=[32m"7"[39m
                      [33mx[39m=[32m"14"[39m
                      [33my[39m=[32m"12"[39m
                    [36m/>[39m
                    [36m<rect[39m
                      [33mheight[39m=[32m"5"[39m
                      [33mrx[39m=[32m"1"[39m
                      [33mwidth[39m=[32m"7"[39m
                      [33mx[39m=[32m"3"[39m
                      [33my[39m=[32m"16"[39m
                    [36m/>[39m
                  [36m</svg>[39m
                [36m</span>[39m
                [36m<span[39m
                  [33mclass[39m=[32m"font-medium tracking-wide text-sm"[39m
                [36m>[39m
                  [0mMarket Overview[0m
                [36m</span>[39m
              [36m</button>[39m
              [36m<button[39m
                [33mclass[39m=[32m"
                  flex items-center space-x-2 px-5 py-2.5 rounded transition-all duration-300 border border-transparent
                  text-gray-400 hover:text-gold-200 hover:bg-white/5
                "[39m
                [33mtitle[39m=[32m"AI-powered stock price predictions"[39m
              [36m>[39m
                [36m<span[39m
                  [33mclass[39m=[32m"text-gray-500 group-hover:text-gold-300"[39m
                [36m>[39m
                  [36m<svg[39m
                    [33mclass[39m=[32m"lucide lucide-trending-up w-5 h-5"[39m
                    [33mfill[39m=[32m"none"[39m
                    [33mheight[39m=[32m"24"[39m
                    [33mstroke[39m=[32m"currentColor"[39m
                    [33mstroke-linecap[39m=[32m"round"[39m
                    [33mstroke-linejoin[39m=[32m"round"[39m
                    [33mstroke-width[39m=[32m"2"[39m
                    [33mviewBox[39m=[32m"0 0 24 24"[39m
                    [33mwidth[39m=[32m"24"[39m
                    [33mxmlns[39m=[32m"http://www.w3.org/2000/svg"[39m
                  [36m>[39m
                    [36m<polyline[39m
                      [33mpoints[39m=[32m"22 7 13.5 15.5 8.5 10.5 2 17"[39m
                    [36m/>[39m
                    [36m<polyline[39m
                      [33mpoints[39m=[32m"16 7 22 7 22 13"[39m
                    [36m/>[39m
                  [36m</svg>[39m
                [36m</span>[39m
                [36m<span[39m
                  [33mclass[39m=[32m"font-medium tracking-wide text-sm"[39m
                [36m>[39m
                  [0mStock Prediction[0m
                [36m</span>[39m
              [36m</button>[39m
              [36m<button[39m
       ...

[90mstdout[2m | src/features/Shell/App.test.tsx[2m > [22m[2mApp[2m > [22m[2mrenders the main application container
[22m[39m[36m<body>[39m
  [36m<div>[39m
    [36m<div[39m
      [33mclass[39m=[32m"min-h-screen bg-black text-gray-100 selection:bg-gold-500 selection:text-black"[39m
    [36m>[39m
      [36m<header[39m
        [33mclass[39m=[32m"bg-black border-b border-gold-900/50 shadow-lg relative z-50"[39m
      [36m>[39m
        [36m<div[39m
          [33mclass[39m=[32m"container mx-auto px-4"[39m
        [36m>[39m
          [36m<div[39m
            [33mclass[39m=[32m"flex items-center justify-between h-20"[39m
          [36m>[39m
            [36m<div[39m
              [33mclass[39m=[32m"flex items-center space-x-6"[39m
            [36m>[39m
              [36m<div[39m
                [33mclass[39m=[32m"flex items-center space-x-3"[39m
              [36m>[39m
                [36m<div[39m
                  [33mclass[39m=[32m"w-12 h-12 flex items-center justify-center overflow-hidden rounded-md border border-gold-900/30"[39m
                [36m>[39m
                  [36m<img[39m
                    [33malt[39m=[32m"Roneira Logo"[39m
                    [33mclass[39m=[32m"w-full h-full object-contain filter grayscale contrast-125"[39m
                    [33msrc[39m=[32m"/logo.jpg"[39m
                  [36m/>[39m
                [36m</div>[39m
                [36m<div>[39m
                  [36m<h1[39m
                    [33mclass[39m=[32m"text-2xl font-bold text-white tracking-wide uppercase whitespace-nowrap"[39m
                  [36m>[39m
                    [0mRoneira [0m
                    [36m<span[39m
                      [33mclass[39m=[32m"text-gold-500"[39m
                    [36m>[39m
                      [0mEnterprises AI[0m
                    [36m</span>[39m
                  [36m</h1>[39m
                  [36m<p[39m
                    [33mclass[39m=[32m"text-[10px] text-gold-400/80 tracking-[0.2em] uppercase mt-0.5"[39m
                  [36m>[39m
                    [0mPrivate Equity & Intelligence[0m
                  [36m</p>[39m
                [36m</div>[39m
              [36m</div>[39m
            [36m</div>[39m
            [36m<nav[39m
              [33mclass[39m=[32m"hidden md:flex space-x-2"[39m
            [36m>[39m
              [36m<button[39m
                [33mclass[39m=[32m"
                  flex items-center space-x-2 px-5 py-2.5 rounded transition-all duration-300 border border-transparent
                  bg-gold-500/10 text-gold-400 border-gold-500/20 shadow-[0_0_15px_rgba(212,175,55,0.1)]
                "[39m
                [33mtitle[39m=[32m"Real-time market overview and top performers"[39m
              [36m>[39m
                [36m<span[39m
                  [33mclass[39m=[32m"text-gold-500"[39m
                [36m>[39m
                  [36m<svg[39m
                    [33mclass[39m=[32m"lucide lucide-layout-dashboard w-5 h-5"[39m
                    [33mfill[39m=[32m"none"[39m
                    [33mheight[39m=[32m"24"[39m
                    [33mstroke[39m=[32m"currentColor"[39m
                    [33mstroke-linecap[39m=[32m"round"[39m
                    [33mstroke-linejoin[39m=[32m"round"[39m
                    [33mstroke-width[39m=[32m"2"[39m
                    [33mviewBox[39m=[32m"0 0 24 24"[39m
                    [33mwidth[39m=[32m"24"[39m
                    [33mxmlns[39m=[32m"http://www.w3.org/2000/svg"[39m
                  [36m>[39m
                    [36m<rect[39m
                      [33mheight[39m=[32m"9"[39m
                      [33mrx[39m=[32m"1"[39m
                      [33mwidth[39m=[32m"7"[39m
                      [33mx[39m=[32m"3"[39m
                      [33my[39m=[32m"3"[39m
                    [36m/>[39m
                    [36m<rect[39m
                      [33mheight[39m=[32m"5"[39m
                      [33mrx[39m=[32m"1"[39m
                      [33mwidth[39m=[32m"7"[39m
                      [33mx[39m=[32m"14"[39m
                      [33my[39m=[32m"3"[39m
                    [36m/>[39m
                    [36m<rect[39m
                      [33mheight[39m=[32m"9"[39m
                      [33mrx[39m=[32m"1"[39m
                      [33mwidth[39m=[32m"7"[39m
                      [33mx[39m=[32m"14"[39m
                      [33my[39m=[32m"12"[39m
                    [36m/>[39m
                    [36m<rect[39m
                      [33mheight[39m=[32m"5"[39m
                      [33mrx[39m=[32m"1"[39m
                      [33mwidth[39m=[32m"7"[39m
                      [33mx[39m=[32m"3"[39m
                      [33my[39m=[32m"16"[39m
                    [36m/>[39m
                  [36m</svg>[39m
                [36m</span>[39m
                [36m<span[39m
                  [33mclass[39m=[32m"font-medium tracking-wide text-sm"[39m
                [36m>[39m
                  [0mMarket Overview[0m
                [36m</span>[39m
              [36m</button>[39m
              [36m<button[39m
                [33mclass[39m=[32m"
                  flex items-center space-x-2 px-5 py-2.5 rounded transition-all duration-300 border border-transparent
                  text-gray-400 hover:text-gold-200 hover:bg-white/5
                "[39m
                [33mtitle[39m=[32m"AI-powered stock price predictions"[39m
              [36m>[39m
                [36m<span[39m
                  [33mclass[39m=[32m"text-gray-500 group-hover:text-gold-300"[39m
                [36m>[39m
                  [36m<svg[39m
                    [33mclass[39m=[32m"lucide lucide-trending-up w-5 h-5"[39m
                    [33mfill[39m=[32m"none"[39m
                    [33mheight[39m=[32m"24"[39m
                    [33mstroke[39m=[32m"currentColor"[39m
                    [33mstroke-linecap[39m=[32m"round"[39m
                    [33mstroke-linejoin[39m=[32m"round"[39m
                    [33mstroke-width[39m=[32m"2"[39m
                    [33mviewBox[39m=[32m"0 0 24 24"[39m
                    [33mwidth[39m=[32m"24"[39m
                    [33mxmlns[39m=[32m"http://www.w3.org/2000/svg"[39m
                  [36m>[39m
                    [36m<polyline[39m
                      [33mpoints[39m=[32m"22 7 13.5 15.5 8.5 10.5 2 17"[39m
                    [36m/>[39m
                    [36m<polyline[39m
                      [33mpoints[39m=[32m"16 7 22 7 22 13"[39m
                    [36m/>[39m
                  [36m</svg>[39m
                [36m</span>[39m
                [36m<span[39m
                  [33mclass[39m=[32m"font-medium tracking-wide text-sm"[39m
                [36m>[39m
                  [0mStock Prediction[0m
                [36m</span>[39m
              [36m</button>[39m
              [36m<button[39m
       ...

[90mstdout[2m | src/features/Shell/App.test.tsx[2m > [22m[2mApp[2m > [22m[2mrenders the main application container
[22m[39m[36m<body>[39m
  [36m<div>[39m
    [36m<div[39m
      [33mclass[39m=[32m"min-h-screen bg-black text-gray-100 selection:bg-gold-500 selection:text-black"[39m
    [36m>[39m
      [36m<header[39m
        [33mclass[39m=[32m"bg-black border-b border-gold-900/50 shadow-lg relative z-50"[39m
      [36m>[39m
        [36m<div[39m
          [33mclass[39m=[32m"container mx-auto px-4"[39m
        [36m>[39m
          [36m<div[39m
            [33mclass[39m=[32m"flex items-center justify-between h-20"[39m
          [36m>[39m
            [36m<div[39m
              [33mclass[39m=[32m"flex items-center space-x-6"[39m
            [36m>[39m
              [36m<div[39m
                [33mclass[39m=[32m"flex items-center space-x-3"[39m
              [36m>[39m
                [36m<div[39m
                  [33mclass[39m=[32m"w-12 h-12 flex items-center justify-center overflow-hidden rounded-md border border-gold-900/30"[39m
                [36m>[39m
                  [36m<img[39m
                    [33malt[39m=[32m"Roneira Logo"[39m
                    [33mclass[39m=[32m"w-full h-full object-contain filter grayscale contrast-125"[39m
                    [33msrc[39m=[32m"/logo.jpg"[39m
                  [36m/>[39m
                [36m</div>[39m
                [36m<div>[39m
                  [36m<h1[39m
                    [33mclass[39m=[32m"text-2xl font-bold text-white tracking-wide uppercase whitespace-nowrap"[39m
                  [36m>[39m
                    [0mRoneira [0m
                    [36m<span[39m
                      [33mclass[39m=[32m"text-gold-500"[39m
                    [36m>[39m
                      [0mEnterprises AI[0m
                    [36m</span>[39m
                  [36m</h1>[39m
                  [36m<p[39m
                    [33mclass[39m=[32m"text-[10px] text-gold-400/80 tracking-[0.2em] uppercase mt-0.5"[39m
                  [36m>[39m
                    [0mPrivate Equity & Intelligence[0m
                  [36m</p>[39m
                [36m</div>[39m
              [36m</div>[39m
            [36m</div>[39m
            [36m<nav[39m
              [33mclass[39m=[32m"hidden md:flex space-x-2"[39m
            [36m>[39m
              [36m<button[39m
                [33mclass[39m=[32m"
                  flex items-center space-x-2 px-5 py-2.5 rounded transition-all duration-300 border border-transparent
                  bg-gold-500/10 text-gold-400 border-gold-500/20 shadow-[0_0_15px_rgba(212,175,55,0.1)]
                "[39m
                [33mtitle[39m=[32m"Real-time market overview and top performers"[39m
              [36m>[39m
                [36m<span[39m
                  [33mclass[39m=[32m"text-gold-500"[39m
                [36m>[39m
                  [36m<svg[39m
                    [33mclass[39m=[32m"lucide lucide-layout-dashboard w-5 h-5"[39m
                    [33mfill[39m=[32m"none"[39m
                    [33mheight[39m=[32m"24"[39m
                    [33mstroke[39m=[32m"currentColor"[39m
                    [33mstroke-linecap[39m=[32m"round"[39m
                    [33mstroke-linejoin[39m=[32m"round"[39m
                    [33mstroke-width[39m=[32m"2"[39m
                    [33mviewBox[39m=[32m"0 0 24 24"[39m
                    [33mwidth[39m=[32m"24"[39m
                    [33mxmlns[39m=[32m"http://www.w3.org/2000/svg"[39m
                  [36m>[39m
                    [36m<rect[39m
                      [33mheight[39m=[32m"9"[39m
                      [33mrx[39m=[32m"1"[39m
                      [33mwidth[39m=[32m"7"[39m
                      [33mx[39m=[32m"3"[39m
                      [33my[39m=[32m"3"[39m
                    [36m/>[39m
                    [36m<rect[39m
                      [33mheight[39m=[32m"5"[39m
                      [33mrx[39m=[32m"1"[39m
                      [33mwidth[39m=[32m"7"[39m
                      [33mx[39m=[32m"14"[39m
                      [33my[39m=[32m"3"[39m
                    [36m/>[39m
                    [36m<rect[39m
                      [33mheight[39m=[32m"9"[39m
                      [33mrx[39m=[32m"1"[39m
                      [33mwidth[39m=[32m"7"[39m
                      [33mx[39m=[32m"14"[39m
                      [33my[39m=[32m"12"[39m
                    [36m/>[39m
                    [36m<rect[39m
                      [33mheight[39m=[32m"5"[39m
                      [33mrx[39m=[32m"1"[39m
                      [33mwidth[39m=[32m"7"[39m
                      [33mx[39m=[32m"3"[39m
                      [33my[39m=[32m"16"[39m
                    [36m/>[39m
                  [36m</svg>[39m
                [36m</span>[39m
                [36m<span[39m
                  [33mclass[39m=[32m"font-medium tracking-wide text-sm"[39m
                [36m>[39m
                  [0mMarket Overview[0m
                [36m</span>[39m
              [36m</button>[39m
              [36m<button[39m
                [33mclass[39m=[32m"
                  flex items-center space-x-2 px-5 py-2.5 rounded transition-all duration-300 border border-transparent
                  text-gray-400 hover:text-gold-200 hover:bg-white/5
                "[39m
                [33mtitle[39m=[32m"AI-powered stock price predictions"[39m
              [36m>[39m
                [36m<span[39m
                  [33mclass[39m=[32m"text-gray-500 group-hover:text-gold-300"[39m
                [36m>[39m
                  [36m<svg[39m
                    [33mclass[39m=[32m"lucide lucide-trending-up w-5 h-5"[39m
                    [33mfill[39m=[32m"none"[39m
                    [33mheight[39m=[32m"24"[39m
                    [33mstroke[39m=[32m"currentColor"[39m
                    [33mstroke-linecap[39m=[32m"round"[39m
                    [33mstroke-linejoin[39m=[32m"round"[39m
                    [33mstroke-width[39m=[32m"2"[39m
                    [33mviewBox[39m=[32m"0 0 24 24"[39m
                    [33mwidth[39m=[32m"24"[39m
                    [33mxmlns[39m=[32m"http://www.w3.org/2000/svg"[39m
                  [36m>[39m
                    [36m<polyline[39m
                      [33mpoints[39m=[32m"22 7 13.5 15.5 8.5 10.5 2 17"[39m
                    [36m/>[39m
                    [36m<polyline[39m
                      [33mpoints[39m=[32m"16 7 22 7 22 13"[39m
                    [36m/>[39m
                  [36m</svg>[39m
                [36m</span>[39m
                [36m<span[39m
                  [33mclass[39m=[32m"font-medium tracking-wide text-sm"[39m
                [36m>[39m
                  [0mStock Prediction[0m
                [36m</span>[39m
              [36m</button>[39m
              [36m<button[39m
       ...

[90mstdout[2m | src/features/Shell/App.test.tsx[2m > [22m[2mApp[2m > [22m[2mrenders the main application container
[22m[39m[36m<body>[39m
  [36m<div>[39m
    [36m<div[39m
      [33mclass[39m=[32m"min-h-screen bg-black text-gray-100 selection:bg-gold-500 selection:text-black"[39m
    [36m>[39m
      [36m<header[39m
        [33mclass[39m=[32m"bg-black border-b border-gold-900/50 shadow-lg relative z-50"[39m
      [36m>[39m
        [36m<div[39m
          [33mclass[39m=[32m"container mx-auto px-4"[39m
        [36m>[39m
          [36m<div[39m
            [33mclass[39m=[32m"flex items-center justify-between h-20"[39m
          [36m>[39m
            [36m<div[39m
              [33mclass[39m=[32m"flex items-center space-x-6"[39m
            [36m>[39m
              [36m<div[39m
                [33mclass[39m=[32m"flex items-center space-x-3"[39m
              [36m>[39m
                [36m<div[39m
                  [33mclass[39m=[32m"w-12 h-12 flex items-center justify-center overflow-hidden rounded-md border border-gold-900/30"[39m
                [36m>[39m
                  [36m<img[39m
                    [33malt[39m=[32m"Roneira Logo"[39m
                    [33mclass[39m=[32m"w-full h-full object-contain filter grayscale contrast-125"[39m
                    [33msrc[39m=[32m"/logo.jpg"[39m
                  [36m/>[39m
                [36m</div>[39m
                [36m<div>[39m
                  [36m<h1[39m
                    [33mclass[39m=[32m"text-2xl font-bold text-white tracking-wide uppercase whitespace-nowrap"[39m
                  [36m>[39m
                    [0mRoneira [0m
                    [36m<span[39m
                      [33mclass[39m=[32m"text-gold-500"[39m
                    [36m>[39m
                      [0mEnterprises AI[0m
                    [36m</span>[39m
                  [36m</h1>[39m
                  [36m<p[39m
                    [33mclass[39m=[32m"text-[10px] text-gold-400/80 tracking-[0.2em] uppercase mt-0.5"[39m
                  [36m>[39m
                    [0mPrivate Equity & Intelligence[0m
                  [36m</p>[39m
                [36m</div>[39m
              [36m</div>[39m
            [36m</div>[39m
            [36m<nav[39m
              [33mclass[39m=[32m"hidden md:flex space-x-2"[39m
            [36m>[39m
              [36m<button[39m
                [33mclass[39m=[32m"
                  flex items-center space-x-2 px-5 py-2.5 rounded transition-all duration-300 border border-transparent
                  bg-gold-500/10 text-gold-400 border-gold-500/20 shadow-[0_0_15px_rgba(212,175,55,0.1)]
                "[39m
                [33mtitle[39m=[32m"Real-time market overview and top performers"[39m
              [36m>[39m
                [36m<span[39m
                  [33mclass[39m=[32m"text-gold-500"[39m
                [36m>[39m
                  [36m<svg[39m
                    [33mclass[39m=[32m"lucide lucide-layout-dashboard w-5 h-5"[39m
                    [33mfill[39m=[32m"none"[39m
                    [33mheight[39m=[32m"24"[39m
                    [33mstroke[39m=[32m"currentColor"[39m
                    [33mstroke-linecap[39m=[32m"round"[39m
                    [33mstroke-linejoin[39m=[32m"round"[39m
                    [33mstroke-width[39m=[32m"2"[39m
                    [33mviewBox[39m=[32m"0 0 24 24"[39m
                    [33mwidth[39m=[32m"24"[39m
                    [33mxmlns[39m=[32m"http://www.w3.org/2000/svg"[39m
                  [36m>[39m
                    [36m<rect[39m
                      [33mheight[39m=[32m"9"[39m
                      [33mrx[39m=[32m"1"[39m
                      [33mwidth[39m=[32m"7"[39m
                      [33mx[39m=[32m"3"[39m
                      [33my[39m=[32m"3"[39m
                    [36m/>[39m
                    [36m<rect[39m
                      [33mheight[39m=[32m"5"[39m
                      [33mrx[39m=[32m"1"[39m
                      [33mwidth[39m=[32m"7"[39m
                      [33mx[39m=[32m"14"[39m
                      [33my[39m=[32m"3"[39m
                    [36m/>[39m
                    [36m<rect[39m
                      [33mheight[39m=[32m"9"[39m
                      [33mrx[39m=[32m"1"[39m
                      [33mwidth[39m=[32m"7"[39m
                      [33mx[39m=[32m"14"[39m
                      [33my[39m=[32m"12"[39m
                    [36m/>[39m
                    [36m<rect[39m
                      [33mheight[39m=[32m"5"[39m
                      [33mrx[39m=[32m"1"[39m
                      [33mwidth[39m=[32m"7"[39m
                      [33mx[39m=[32m"3"[39m
                      [33my[39m=[32m"16"[39m
                    [36m/>[39m
                  [36m</svg>[39m
                [36m</span>[39m
                [36m<span[39m
                  [33mclass[39m=[32m"font-medium tracking-wide text-sm"[39m
                [36m>[39m
                  [0mMarket Overview[0m
                [36m</span>[39m
              [36m</button>[39m
              [36m<button[39m
                [33mclass[39m=[32m"
                  flex items-center space-x-2 px-5 py-2.5 rounded transition-all duration-300 border border-transparent
                  text-gray-400 hover:text-gold-200 hover:bg-white/5
                "[39m
                [33mtitle[39m=[32m"AI-powered stock price predictions"[39m
              [36m>[39m
                [36m<span[39m
                  [33mclass[39m=[32m"text-gray-500 group-hover:text-gold-300"[39m
                [36m>[39m
                  [36m<svg[39m
                    [33mclass[39m=[32m"lucide lucide-trending-up w-5 h-5"[39m
                    [33mfill[39m=[32m"none"[39m
                    [33mheight[39m=[32m"24"[39m
                    [33mstroke[39m=[32m"currentColor"[39m
                    [33mstroke-linecap[39m=[32m"round"[39m
                    [33mstroke-linejoin[39m=[32m"round"[39m
                    [33mstroke-width[39m=[32m"2"[39m
                    [33mviewBox[39m=[32m"0 0 24 24"[39m
                    [33mwidth[39m=[32m"24"[39m
                    [33mxmlns[39m=[32m"http://www.w3.org/2000/svg"[39m
                  [36m>[39m
                    [36m<polyline[39m
                      [33mpoints[39m=[32m"22 7 13.5 15.5 8.5 10.5 2 17"[39m
                    [36m/>[39m
                    [36m<polyline[39m
                      [33mpoints[39m=[32m"16 7 22 7 22 13"[39m
                    [36m/>[39m
                  [36m</svg>[39m
                [36m</span>[39m
                [36m<span[39m
                  [33mclass[39m=[32m"font-medium tracking-wide text-sm"[39m
                [36m>[39m
                  [0mStock Prediction[0m
                [36m</span>[39m
              [36m</button>[39m
              [36m<button[39m
       ...

[90mstdout[2m | src/features/Shell/App.test.tsx[2m > [22m[2mApp[2m > [22m[2mrenders the main application container
[22m[39m[36m<body>[39m
  [36m<div>[39m
    [36m<div[39m
      [33mclass[39m=[32m"min-h-screen bg-black text-gray-100 selection:bg-gold-500 selection:text-black"[39m
    [36m>[39m
      [36m<header[39m
        [33mclass[39m=[32m"bg-black border-b border-gold-900/50 shadow-lg relative z-50"[39m
      [36m>[39m
        [36m<div[39m
          [33mclass[39m=[32m"container mx-auto px-4"[39m
        [36m>[39m
          [36m<div[39m
            [33mclass[39m=[32m"flex items-center justify-between h-20"[39m
          [36m>[39m
            [36m<div[39m
              [33mclass[39m=[32m"flex items-center space-x-6"[39m
            [36m>[39m
              [36m<div[39m
                [33mclass[39m=[32m"flex items-center space-x-3"[39m
              [36m>[39m
                [36m<div[39m
                  [33mclass[39m=[32m"w-12 h-12 flex items-center justify-center overflow-hidden rounded-md border border-gold-900/30"[39m
                [36m>[39m
                  [36m<img[39m
                    [33malt[39m=[32m"Roneira Logo"[39m
                    [33mclass[39m=[32m"w-full h-full object-contain filter grayscale contrast-125"[39m
                    [33msrc[39m=[32m"/logo.jpg"[39m
                  [36m/>[39m
                [36m</div>[39m
                [36m<div>[39m
                  [36m<h1[39m
                    [33mclass[39m=[32m"text-2xl font-bold text-white tracking-wide uppercase whitespace-nowrap"[39m
                  [36m>[39m
                    [0mRoneira [0m
                    [36m<span[39m
                      [33mclass[39m=[32m"text-gold-500"[39m
                    [36m>[39m
                      [0mEnterprises AI[0m
                    [36m</span>[39m
                  [36m</h1>[39m
                  [36m<p[39m
                    [33mclass[39m=[32m"text-[10px] text-gold-400/80 tracking-[0.2em] uppercase mt-0.5"[39m
                  [36m>[39m
                    [0mPrivate Equity & Intelligence[0m
                  [36m</p>[39m
                [36m</div>[39m
              [36m</div>[39m
            [36m</div>[39m
            [36m<nav[39m
              [33mclass[39m=[32m"hidden md:flex space-x-2"[39m
            [36m>[39m
              [36m<button[39m
                [33mclass[39m=[32m"
                  flex items-center space-x-2 px-5 py-2.5 rounded transition-all duration-300 border border-transparent
                  bg-gold-500/10 text-gold-400 border-gold-500/20 shadow-[0_0_15px_rgba(212,175,55,0.1)]
                "[39m
                [33mtitle[39m=[32m"Real-time market overview and top performers"[39m
              [36m>[39m
                [36m<span[39m
                  [33mclass[39m=[32m"text-gold-500"[39m
                [36m>[39m
                  [36m<svg[39m
                    [33mclass[39m=[32m"lucide lucide-layout-dashboard w-5 h-5"[39m
                    [33mfill[39m=[32m"none"[39m
                    [33mheight[39m=[32m"24"[39m
                    [33mstroke[39m=[32m"currentColor"[39m
                    [33mstroke-linecap[39m=[32m"round"[39m
                    [33mstroke-linejoin[39m=[32m"round"[39m
                    [33mstroke-width[39m=[32m"2"[39m
                    [33mviewBox[39m=[32m"0 0 24 24"[39m
                    [33mwidth[39m=[32m"24"[39m
                    [33mxmlns[39m=[32m"http://www.w3.org/2000/svg"[39m
                  [36m>[39m
                    [36m<rect[39m
                      [33mheight[39m=[32m"9"[39m
                      [33mrx[39m=[32m"1"[39m
                      [33mwidth[39m=[32m"7"[39m
                      [33mx[39m=[32m"3"[39m
                      [33my[39m=[32m"3"[39m
                    [36m/>[39m
                    [36m<rect[39m
                      [33mheight[39m=[32m"5"[39m
                      [33mrx[39m=[32m"1"[39m
                      [33mwidth[39m=[32m"7"[39m
                      [33mx[39m=[32m"14"[39m
                      [33my[39m=[32m"3"[39m
                    [36m/>[39m
                    [36m<rect[39m
                      [33mheight[39m=[32m"9"[39m
                      [33mrx[39m=[32m"1"[39m
                      [33mwidth[39m=[32m"7"[39m
                      [33mx[39m=[32m"14"[39m
                      [33my[39m=[32m"12"[39m
                    [36m/>[39m
                    [36m<rect[39m
                      [33mheight[39m=[32m"5"[39m
                      [33mrx[39m=[32m"1"[39m
                      [33mwidth[39m=[32m"7"[39m
                      [33mx[39m=[32m"3"[39m
                      [33my[39m=[32m"16"[39m
                    [36m/>[39m
                  [36m</svg>[39m
                [36m</span>[39m
                [36m<span[39m
                  [33mclass[39m=[32m"font-medium tracking-wide text-sm"[39m
                [36m>[39m
                  [0mMarket Overview[0m
                [36m</span>[39m
              [36m</button>[39m
              [36m<button[39m
                [33mclass[39m=[32m"
                  flex items-center space-x-2 px-5 py-2.5 rounded transition-all duration-300 border border-transparent
                  text-gray-400 hover:text-gold-200 hover:bg-white/5
                "[39m
                [33mtitle[39m=[32m"AI-powered stock price predictions"[39m
              [36m>[39m
                [36m<span[39m
                  [33mclass[39m=[32m"text-gray-500 group-hover:text-gold-300"[39m
                [36m>[39m
                  [36m<svg[39m
                    [33mclass[39m=[32m"lucide lucide-trending-up w-5 h-5"[39m
                    [33mfill[39m=[32m"none"[39m
                    [33mheight[39m=[32m"24"[39m
                    [33mstroke[39m=[32m"currentColor"[39m
                    [33mstroke-linecap[39m=[32m"round"[39m
                    [33mstroke-linejoin[39m=[32m"round"[39m
                    [33mstroke-width[39m=[32m"2"[39m
                    [33mviewBox[39m=[32m"0 0 24 24"[39m
                    [33mwidth[39m=[32m"24"[39m
                    [33mxmlns[39m=[32m"http://www.w3.org/2000/svg"[39m
                  [36m>[39m
                    [36m<polyline[39m
                      [33mpoints[39m=[32m"22 7 13.5 15.5 8.5 10.5 2 17"[39m
                    [36m/>[39m
                    [36m<polyline[39m
                      [33mpoints[39m=[32m"16 7 22 7 22 13"[39m
                    [36m/>[39m
                  [36m</svg>[39m
                [36m</span>[39m
                [36m<span[39m
                  [33mclass[39m=[32m"font-medium tracking-wide text-sm"[39m
                [36m>[39m
                  [0mStock Prediction[0m
                [36m</span>[39m
              [36m</button>[39m
              [36m<button[39m
       ...

[90mstdout[2m | src/features/Shell/App.test.tsx[2m > [22m[2mApp[2m > [22m[2mrenders the main application container
[22m[39m[36m<body>[39m
  [36m<div>[39m
    [36m<div[39m
      [33mclass[39m=[32m"min-h-screen bg-black text-gray-100 selection:bg-gold-500 selection:text-black"[39m
    [36m>[39m
      [36m<header[39m
        [33mclass[39m=[32m"bg-black border-b border-gold-900/50 shadow-lg relative z-50"[39m
      [36m>[39m
        [36m<div[39m
          [33mclass[39m=[32m"container mx-auto px-4"[39m
        [36m>[39m
          [36m<div[39m
            [33mclass[39m=[32m"flex items-center justify-between h-20"[39m
          [36m>[39m
            [36m<div[39m
              [33mclass[39m=[32m"flex items-center space-x-6"[39m
            [36m>[39m
              [36m<div[39m
                [33mclass[39m=[32m"flex items-center space-x-3"[39m
              [36m>[39m
                [36m<div[39m
                  [33mclass[39m=[32m"w-12 h-12 flex items-center justify-center overflow-hidden rounded-md border border-gold-900/30"[39m
                [36m>[39m
                  [36m<img[39m
                    [33malt[39m=[32m"Roneira Logo"[39m
                    [33mclass[39m=[32m"w-full h-full object-contain filter grayscale contrast-125"[39m
                    [33msrc[39m=[32m"/logo.jpg"[39m
                  [36m/>[39m
                [36m</div>[39m
                [36m<div>[39m
                  [36m<h1[39m
                    [33mclass[39m=[32m"text-2xl font-bold text-white tracking-wide uppercase whitespace-nowrap"[39m
                  [36m>[39m
                    [0mRoneira [0m
                    [36m<span[39m
                      [33mclass[39m=[32m"text-gold-500"[39m
                    [36m>[39m
                      [0mEnterprises AI[0m
                    [36m</span>[39m
                  [36m</h1>[39m
                  [36m<p[39m
                    [33mclass[39m=[32m"text-[10px] text-gold-400/80 tracking-[0.2em] uppercase mt-0.5"[39m
                  [36m>[39m
                    [0mPrivate Equity & Intelligence[0m
                  [36m</p>[39m
                [36m</div>[39m
              [36m</div>[39m
            [36m</div>[39m
            [36m<nav[39m
              [33mclass[39m=[32m"hidden md:flex space-x-2"[39m
            [36m>[39m
              [36m<button[39m
                [33mclass[39m=[32m"
                  flex items-center space-x-2 px-5 py-2.5 rounded transition-all duration-300 border border-transparent
                  bg-gold-500/10 text-gold-400 border-gold-500/20 shadow-[0_0_15px_rgba(212,175,55,0.1)]
                "[39m
                [33mtitle[39m=[32m"Real-time market overview and top performers"[39m
              [36m>[39m
                [36m<span[39m
                  [33mclass[39m=[32m"text-gold-500"[39m
                [36m>[39m
                  [36m<svg[39m
                    [33mclass[39m=[32m"lucide lucide-layout-dashboard w-5 h-5"[39m
                    [33mfill[39m=[32m"none"[39m
                    [33mheight[39m=[32m"24"[39m
                    [33mstroke[39m=[32m"currentColor"[39m
                    [33mstroke-linecap[39m=[32m"round"[39m
                    [33mstroke-linejoin[39m=[32m"round"[39m
                    [33mstroke-width[39m=[32m"2"[39m
                    [33mviewBox[39m=[32m"0 0 24 24"[39m
                    [33mwidth[39m=[32m"24"[39m
                    [33mxmlns[39m=[32m"http://www.w3.org/2000/svg"[39m
                  [36m>[39m
                    [36m<rect[39m
                      [33mheight[39m=[32m"9"[39m
                      [33mrx[39m=[32m"1"[39m
                      [33mwidth[39m=[32m"7"[39m
                      [33mx[39m=[32m"3"[39m
                      [33my[39m=[32m"3"[39m
                    [36m/>[39m
                    [36m<rect[39m
                      [33mheight[39m=[32m"5"[39m
                      [33mrx[39m=[32m"1"[39m
                      [33mwidth[39m=[32m"7"[39m
                      [33mx[39m=[32m"14"[39m
                      [33my[39m=[32m"3"[39m
                    [36m/>[39m
                    [36m<rect[39m
                      [33mheight[39m=[32m"9"[39m
                      [33mrx[39m=[32m"1"[39m
                      [33mwidth[39m=[32m"7"[39m
                      [33mx[39m=[32m"14"[39m
                      [33my[39m=[32m"12"[39m
                    [36m/>[39m
                    [36m<rect[39m
                      [33mheight[39m=[32m"5"[39m
                      [33mrx[39m=[32m"1"[39m
                      [33mwidth[39m=[32m"7"[39m
                      [33mx[39m=[32m"3"[39m
                      [33my[39m=[32m"16"[39m
                    [36m/>[39m
                  [36m</svg>[39m
                [36m</span>[39m
                [36m<span[39m
                  [33mclass[39m=[32m"font-medium tracking-wide text-sm"[39m
                [36m>[39m
                  [0mMarket Overview[0m
                [36m</span>[39m
              [36m</button>[39m
              [36m<button[39m
                [33mclass[39m=[32m"
                  flex items-center space-x-2 px-5 py-2.5 rounded transition-all duration-300 border border-transparent
                  text-gray-400 hover:text-gold-200 hover:bg-white/5
                "[39m
                [33mtitle[39m=[32m"AI-powered stock price predictions"[39m
              [36m>[39m
                [36m<span[39m
                  [33mclass[39m=[32m"text-gray-500 group-hover:text-gold-300"[39m
                [36m>[39m
                  [36m<svg[39m
                    [33mclass[39m=[32m"lucide lucide-trending-up w-5 h-5"[39m
                    [33mfill[39m=[32m"none"[39m
                    [33mheight[39m=[32m"24"[39m
                    [33mstroke[39m=[32m"currentColor"[39m
                    [33mstroke-linecap[39m=[32m"round"[39m
                    [33mstroke-linejoin[39m=[32m"round"[39m
                    [33mstroke-width[39m=[32m"2"[39m
                    [33mviewBox[39m=[32m"0 0 24 24"[39m
                    [33mwidth[39m=[32m"24"[39m
                    [33mxmlns[39m=[32m"http://www.w3.org/2000/svg"[39m
                  [36m>[39m
                    [36m<polyline[39m
                      [33mpoints[39m=[32m"22 7 13.5 15.5 8.5 10.5 2 17"[39m
                    [36m/>[39m
                    [36m<polyline[39m
                      [33mpoints[39m=[32m"16 7 22 7 22 13"[39m
                    [36m/>[39m
                  [36m</svg>[39m
                [36m</span>[39m
                [36m<span[39m
                  [33mclass[39m=[32m"font-medium tracking-wide text-sm"[39m
                [36m>[39m
                  [0mStock Prediction[0m
                [36m</span>[39m
              [36m</button>[39m
              [36m<button[39m
       ...

[90mstdout[2m | src/features/Shell/App.test.tsx[2m > [22m[2mApp[2m > [22m[2mrenders the main application container
[22m[39m[36m<body>[39m
  [36m<div>[39m
    [36m<div[39m
      [33mclass[39m=[32m"min-h-screen bg-black text-gray-100 selection:bg-gold-500 selection:text-black"[39m
    [36m>[39m
      [36m<header[39m
        [33mclass[39m=[32m"bg-black border-b border-gold-900/50 shadow-lg relative z-50"[39m
      [36m>[39m
        [36m<div[39m
          [33mclass[39m=[32m"container mx-auto px-4"[39m
        [36m>[39m
          [36m<div[39m
            [33mclass[39m=[32m"flex items-center justify-between h-20"[39m
          [36m>[39m
            [36m<div[39m
              [33mclass[39m=[32m"flex items-center space-x-6"[39m
            [36m>[39m
              [36m<div[39m
                [33mclass[39m=[32m"flex items-center space-x-3"[39m
              [36m>[39m
                [36m<div[39m
                  [33mclass[39m=[32m"w-12 h-12 flex items-center justify-center overflow-hidden rounded-md border border-gold-900/30"[39m
                [36m>[39m
                  [36m<img[39m
                    [33malt[39m=[32m"Roneira Logo"[39m
                    [33mclass[39m=[32m"w-full h-full object-contain filter grayscale contrast-125"[39m
                    [33msrc[39m=[32m"/logo.jpg"[39m
                  [36m/>[39m
                [36m</div>[39m
                [36m<div>[39m
                  [36m<h1[39m
                    [33mclass[39m=[32m"text-2xl font-bold text-white tracking-wide uppercase whitespace-nowrap"[39m
                  [36m>[39m
                    [0mRoneira [0m
                    [36m<span[39m
                      [33mclass[39m=[32m"text-gold-500"[39m
                    [36m>[39m
                      [0mEnterprises AI[0m
                    [36m</span>[39m
                  [36m</h1>[39m
                  [36m<p[39m
                    [33mclass[39m=[32m"text-[10px] text-gold-400/80 tracking-[0.2em] uppercase mt-0.5"[39m
                  [36m>[39m
                    [0mPrivate Equity & Intelligence[0m
                  [36m</p>[39m
                [36m</div>[39m
              [36m</div>[39m
            [36m</div>[39m
            [36m<nav[39m
              [33mclass[39m=[32m"hidden md:flex space-x-2"[39m
            [36m>[39m
              [36m<button[39m
                [33mclass[39m=[32m"
                  flex items-center space-x-2 px-5 py-2.5 rounded transition-all duration-300 border border-transparent
                  bg-gold-500/10 text-gold-400 border-gold-500/20 shadow-[0_0_15px_rgba(212,175,55,0.1)]
                "[39m
                [33mtitle[39m=[32m"Real-time market overview and top performers"[39m
              [36m>[39m
                [36m<span[39m
                  [33mclass[39m=[32m"text-gold-500"[39m
                [36m>[39m
                  [36m<svg[39m
                    [33mclass[39m=[32m"lucide lucide-layout-dashboard w-5 h-5"[39m
                    [33mfill[39m=[32m"none"[39m
                    [33mheight[39m=[32m"24"[39m
                    [33mstroke[39m=[32m"currentColor"[39m
                    [33mstroke-linecap[39m=[32m"round"[39m
                    [33mstroke-linejoin[39m=[32m"round"[39m
                    [33mstroke-width[39m=[32m"2"[39m
                    [33mviewBox[39m=[32m"0 0 24 24"[39m
                    [33mwidth[39m=[32m"24"[39m
                    [33mxmlns[39m=[32m"http://www.w3.org/2000/svg"[39m
                  [36m>[39m
                    [36m<rect[39m
                      [33mheight[39m=[32m"9"[39m
                      [33mrx[39m=[32m"1"[39m
                      [33mwidth[39m=[32m"7"[39m
                      [33mx[39m=[32m"3"[39m
                      [33my[39m=[32m"3"[39m
                    [36m/>[39m
                    [36m<rect[39m
                      [33mheight[39m=[32m"5"[39m
                      [33mrx[39m=[32m"1"[39m
                      [33mwidth[39m=[32m"7"[39m
                      [33mx[39m=[32m"14"[39m
                      [33my[39m=[32m"3"[39m
                    [36m/>[39m
                    [36m<rect[39m
                      [33mheight[39m=[32m"9"[39m
                      [33mrx[39m=[32m"1"[39m
                      [33mwidth[39m=[32m"7"[39m
                      [33mx[39m=[32m"14"[39m
                      [33my[39m=[32m"12"[39m
                    [36m/>[39m
                    [36m<rect[39m
                      [33mheight[39m=[32m"5"[39m
                      [33mrx[39m=[32m"1"[39m
                      [33mwidth[39m=[32m"7"[39m
                      [33mx[39m=[32m"3"[39m
                      [33my[39m=[32m"16"[39m
                    [36m/>[39m
                  [36m</svg>[39m
                [36m</span>[39m
                [36m<span[39m
                  [33mclass[39m=[32m"font-medium tracking-wide text-sm"[39m
                [36m>[39m
                  [0mMarket Overview[0m
                [36m</span>[39m
              [36m</button>[39m
              [36m<button[39m
                [33mclass[39m=[32m"
                  flex items-center space-x-2 px-5 py-2.5 rounded transition-all duration-300 border border-transparent
                  text-gray-400 hover:text-gold-200 hover:bg-white/5
                "[39m
                [33mtitle[39m=[32m"AI-powered stock price predictions"[39m
              [36m>[39m
                [36m<span[39m
                  [33mclass[39m=[32m"text-gray-500 group-hover:text-gold-300"[39m
                [36m>[39m
                  [36m<svg[39m
                    [33mclass[39m=[32m"lucide lucide-trending-up w-5 h-5"[39m
                    [33mfill[39m=[32m"none"[39m
                    [33mheight[39m=[32m"24"[39m
                    [33mstroke[39m=[32m"currentColor"[39m
                    [33mstroke-linecap[39m=[32m"round"[39m
                    [33mstroke-linejoin[39m=[32m"round"[39m
                    [33mstroke-width[39m=[32m"2"[39m
                    [33mviewBox[39m=[32m"0 0 24 24"[39m
                    [33mwidth[39m=[32m"24"[39m
                    [33mxmlns[39m=[32m"http://www.w3.org/2000/svg"[39m
                  [36m>[39m
                    [36m<polyline[39m
                      [33mpoints[39m=[32m"22 7 13.5 15.5 8.5 10.5 2 17"[39m
                    [36m/>[39m
                    [36m<polyline[39m
                      [33mpoints[39m=[32m"16 7 22 7 22 13"[39m
                    [36m/>[39m
                  [36m</svg>[39m
                [36m</span>[39m
                [36m<span[39m
                  [33mclass[39m=[32m"font-medium tracking-wide text-sm"[39m
                [36m>[39m
                  [0mStock Prediction[0m
                [36m</span>[39m
              [36m</button>[39m
              [36m<button[39m
       ...

[90mstdout[2m | src/features/Shell/App.test.tsx[2m > [22m[2mApp[2m > [22m[2mrenders the main application container
[22m[39m[36m<body>[39m
  [36m<div>[39m
    [36m<div[39m
      [33mclass[39m=[32m"min-h-screen bg-black text-gray-100 selection:bg-gold-500 selection:text-black"[39m
    [36m>[39m
      [36m<header[39m
        [33mclass[39m=[32m"bg-black border-b border-gold-900/50 shadow-lg relative z-50"[39m
      [36m>[39m
        [36m<div[39m
          [33mclass[39m=[32m"container mx-auto px-4"[39m
        [36m>[39m
          [36m<div[39m
            [33mclass[39m=[32m"flex items-center justify-between h-20"[39m
          [36m>[39m
            [36m<div[39m
              [33mclass[39m=[32m"flex items-center space-x-6"[39m
            [36m>[39m
              [36m<div[39m
                [33mclass[39m=[32m"flex items-center space-x-3"[39m
              [36m>[39m
                [36m<div[39m
                  [33mclass[39m=[32m"w-12 h-12 flex items-center justify-center overflow-hidden rounded-md border border-gold-900/30"[39m
                [36m>[39m
                  [36m<img[39m
                    [33malt[39m=[32m"Roneira Logo"[39m
                    [33mclass[39m=[32m"w-full h-full object-contain filter grayscale contrast-125"[39m
                    [33msrc[39m=[32m"/logo.jpg"[39m
                  [36m/>[39m
                [36m</div>[39m
                [36m<div>[39m
                  [36m<h1[39m
                    [33mclass[39m=[32m"text-2xl font-bold text-white tracking-wide uppercase whitespace-nowrap"[39m
                  [36m>[39m
                    [0mRoneira [0m
                    [36m<span[39m
                      [33mclass[39m=[32m"text-gold-500"[39m
                    [36m>[39m
                      [0mEnterprises AI[0m
                    [36m</span>[39m
                  [36m</h1>[39m
                  [36m<p[39m
                    [33mclass[39m=[32m"text-[10px] text-gold-400/80 tracking-[0.2em] uppercase mt-0.5"[39m
                  [36m>[39m
                    [0mPrivate Equity & Intelligence[0m
                  [36m</p>[39m
                [36m</div>[39m
              [36m</div>[39m
            [36m</div>[39m
            [36m<nav[39m
              [33mclass[39m=[32m"hidden md:flex space-x-2"[39m
            [36m>[39m
              [36m<button[39m
                [33mclass[39m=[32m"
                  flex items-center space-x-2 px-5 py-2.5 rounded transition-all duration-300 border border-transparent
                  bg-gold-500/10 text-gold-400 border-gold-500/20 shadow-[0_0_15px_rgba(212,175,55,0.1)]
                "[39m
                [33mtitle[39m=[32m"Real-time market overview and top performers"[39m
              [36m>[39m
                [36m<span[39m
                  [33mclass[39m=[32m"text-gold-500"[39m
                [36m>[39m
                  [36m<svg[39m
                    [33mclass[39m=[32m"lucide lucide-layout-dashboard w-5 h-5"[39m
                    [33mfill[39m=[32m"none"[39m
                    [33mheight[39m=[32m"24"[39m
                    [33mstroke[39m=[32m"currentColor"[39m
                    [33mstroke-linecap[39m=[32m"round"[39m
                    [33mstroke-linejoin[39m=[32m"round"[39m
                    [33mstroke-width[39m=[32m"2"[39m
                    [33mviewBox[39m=[32m"0 0 24 24"[39m
                    [33mwidth[39m=[32m"24"[39m
                    [33mxmlns[39m=[32m"http://www.w3.org/2000/svg"[39m
                  [36m>[39m
                    [36m<rect[39m
                      [33mheight[39m=[32m"9"[39m
                      [33mrx[39m=[32m"1"[39m
                      [33mwidth[39m=[32m"7"[39m
                      [33mx[39m=[32m"3"[39m
                      [33my[39m=[32m"3"[39m
                    [36m/>[39m
                    [36m<rect[39m
                      [33mheight[39m=[32m"5"[39m
                      [33mrx[39m=[32m"1"[39m
                      [33mwidth[39m=[32m"7"[39m
                      [33mx[39m=[32m"14"[39m
                      [33my[39m=[32m"3"[39m
                    [36m/>[39m
                    [36m<rect[39m
                      [33mheight[39m=[32m"9"[39m
                      [33mrx[39m=[32m"1"[39m
                      [33mwidth[39m=[32m"7"[39m
                      [33mx[39m=[32m"14"[39m
                      [33my[39m=[32m"12"[39m
                    [36m/>[39m
                    [36m<rect[39m
                      [33mheight[39m=[32m"5"[39m
                      [33mrx[39m=[32m"1"[39m
                      [33mwidth[39m=[32m"7"[39m
                      [33mx[39m=[32m"3"[39m
                      [33my[39m=[32m"16"[39m
                    [36m/>[39m
                  [36m</svg>[39m
                [36m</span>[39m
                [36m<span[39m
                  [33mclass[39m=[32m"font-medium tracking-wide text-sm"[39m
                [36m>[39m
                  [0mMarket Overview[0m
                [36m</span>[39m
              [36m</button>[39m
              [36m<button[39m
                [33mclass[39m=[32m"
                  flex items-center space-x-2 px-5 py-2.5 rounded transition-all duration-300 border border-transparent
                  text-gray-400 hover:text-gold-200 hover:bg-white/5
                "[39m
                [33mtitle[39m=[32m"AI-powered stock price predictions"[39m
              [36m>[39m
                [36m<span[39m
                  [33mclass[39m=[32m"text-gray-500 group-hover:text-gold-300"[39m
                [36m>[39m
                  [36m<svg[39m
                    [33mclass[39m=[32m"lucide lucide-trending-up w-5 h-5"[39m
                    [33mfill[39m=[32m"none"[39m
                    [33mheight[39m=[32m"24"[39m
                    [33mstroke[39m=[32m"currentColor"[39m
                    [33mstroke-linecap[39m=[32m"round"[39m
                    [33mstroke-linejoin[39m=[32m"round"[39m
                    [33mstroke-width[39m=[32m"2"[39m
                    [33mviewBox[39m=[32m"0 0 24 24"[39m
                    [33mwidth[39m=[32m"24"[39m
                    [33mxmlns[39m=[32m"http://www.w3.org/2000/svg"[39m
                  [36m>[39m
                    [36m<polyline[39m
                      [33mpoints[39m=[32m"22 7 13.5 15.5 8.5 10.5 2 17"[39m
                    [36m/>[39m
                    [36m<polyline[39m
                      [33mpoints[39m=[32m"16 7 22 7 22 13"[39m
                    [36m/>[39m
                  [36m</svg>[39m
                [36m</span>[39m
                [36m<span[39m
                  [33mclass[39m=[32m"font-medium tracking-wide text-sm"[39m
                [36m>[39m
                  [0mStock Prediction[0m
                [36m</span>[39m
              [36m</button>[39m
              [36m<button[39m
       ...

[90mstdout[2m | src/features/Shell/App.test.tsx[2m > [22m[2mApp[2m > [22m[2mrenders the main application container
[22m[39m[36m<body>[39m
  [36m<div>[39m
    [36m<div[39m
      [33mclass[39m=[32m"min-h-screen bg-black text-gray-100 selection:bg-gold-500 selection:text-black"[39m
    [36m>[39m
      [36m<header[39m
        [33mclass[39m=[32m"bg-black border-b border-gold-900/50 shadow-lg relative z-50"[39m
      [36m>[39m
        [36m<div[39m
          [33mclass[39m=[32m"container mx-auto px-4"[39m
        [36m>[39m
          [36m<div[39m
            [33mclass[39m=[32m"flex items-center justify-between h-20"[39m
          [36m>[39m
            [36m<div[39m
              [33mclass[39m=[32m"flex items-center space-x-6"[39m
            [36m>[39m
              [36m<div[39m
                [33mclass[39m=[32m"flex items-center space-x-3"[39m
              [36m>[39m
                [36m<div[39m
                  [33mclass[39m=[32m"w-12 h-12 flex items-center justify-center overflow-hidden rounded-md border border-gold-900/30"[39m
                [36m>[39m
                  [36m<img[39m
                    [33malt[39m=[32m"Roneira Logo"[39m
                    [33mclass[39m=[32m"w-full h-full object-contain filter grayscale contrast-125"[39m
                    [33msrc[39m=[32m"/logo.jpg"[39m
                  [36m/>[39m
                [36m</div>[39m
                [36m<div>[39m
                  [36m<h1[39m
                    [33mclass[39m=[32m"text-2xl font-bold text-white tracking-wide uppercase whitespace-nowrap"[39m
                  [36m>[39m
                    [0mRoneira [0m
                    [36m<span[39m
                      [33mclass[39m=[32m"text-gold-500"[39m
                    [36m>[39m
                      [0mEnterprises AI[0m
                    [36m</span>[39m
                  [36m</h1>[39m
                  [36m<p[39m
                    [33mclass[39m=[32m"text-[10px] text-gold-400/80 tracking-[0.2em] uppercase mt-0.5"[39m
                  [36m>[39m
                    [0mPrivate Equity & Intelligence[0m
                  [36m</p>[39m
                [36m</div>[39m
              [36m</div>[39m
            [36m</div>[39m
            [36m<nav[39m
              [33mclass[39m=[32m"hidden md:flex space-x-2"[39m
            [36m>[39m
              [36m<button[39m
                [33mclass[39m=[32m"
                  flex items-center space-x-2 px-5 py-2.5 rounded transition-all duration-300 border border-transparent
                  bg-gold-500/10 text-gold-400 border-gold-500/20 shadow-[0_0_15px_rgba(212,175,55,0.1)]
                "[39m
                [33mtitle[39m=[32m"Real-time market overview and top performers"[39m
              [36m>[39m
                [36m<span[39m
                  [33mclass[39m=[32m"text-gold-500"[39m
                [36m>[39m
                  [36m<svg[39m
                    [33mclass[39m=[32m"lucide lucide-layout-dashboard w-5 h-5"[39m
                    [33mfill[39m=[32m"none"[39m
                    [33mheight[39m=[32m"24"[39m
                    [33mstroke[39m=[32m"currentColor"[39m
                    [33mstroke-linecap[39m=[32m"round"[39m
                    [33mstroke-linejoin[39m=[32m"round"[39m
                    [33mstroke-width[39m=[32m"2"[39m
                    [33mviewBox[39m=[32m"0 0 24 24"[39m
                    [33mwidth[39m=[32m"24"[39m
                    [33mxmlns[39m=[32m"http://www.w3.org/2000/svg"[39m
                  [36m>[39m
                    [36m<rect[39m
                      [33mheight[39m=[32m"9"[39m
                      [33mrx[39m=[32m"1"[39m
                      [33mwidth[39m=[32m"7"[39m
                      [33mx[39m=[32m"3"[39m
                      [33my[39m=[32m"3"[39m
                    [36m/>[39m
                    [36m<rect[39m
                      [33mheight[39m=[32m"5"[39m
                      [33mrx[39m=[32m"1"[39m
                      [33mwidth[39m=[32m"7"[39m
                      [33mx[39m=[32m"14"[39m
                      [33my[39m=[32m"3"[39m
                    [36m/>[39m
                    [36m<rect[39m
                      [33mheight[39m=[32m"9"[39m
                      [33mrx[39m=[32m"1"[39m
                      [33mwidth[39m=[32m"7"[39m
                      [33mx[39m=[32m"14"[39m
                      [33my[39m=[32m"12"[39m
                    [36m/>[39m
                    [36m<rect[39m
                      [33mheight[39m=[32m"5"[39m
                      [33mrx[39m=[32m"1"[39m
                      [33mwidth[39m=[32m"7"[39m
                      [33mx[39m=[32m"3"[39m
                      [33my[39m=[32m"16"[39m
                    [36m/>[39m
                  [36m</svg>[39m
                [36m</span>[39m
                [36m<span[39m
                  [33mclass[39m=[32m"font-medium tracking-wide text-sm"[39m
                [36m>[39m
                  [0mMarket Overview[0m
                [36m</span>[39m
              [36m</button>[39m
              [36m<button[39m
                [33mclass[39m=[32m"
                  flex items-center space-x-2 px-5 py-2.5 rounded transition-all duration-300 border border-transparent
                  text-gray-400 hover:text-gold-200 hover:bg-white/5
                "[39m
                [33mtitle[39m=[32m"AI-powered stock price predictions"[39m
              [36m>[39m
                [36m<span[39m
                  [33mclass[39m=[32m"text-gray-500 group-hover:text-gold-300"[39m
                [36m>[39m
                  [36m<svg[39m
                    [33mclass[39m=[32m"lucide lucide-trending-up w-5 h-5"[39m
                    [33mfill[39m=[32m"none"[39m
                    [33mheight[39m=[32m"24"[39m
                    [33mstroke[39m=[32m"currentColor"[39m
                    [33mstroke-linecap[39m=[32m"round"[39m
                    [33mstroke-linejoin[39m=[32m"round"[39m
                    [33mstroke-width[39m=[32m"2"[39m
                    [33mviewBox[39m=[32m"0 0 24 24"[39m
                    [33mwidth[39m=[32m"24"[39m
                    [33mxmlns[39m=[32m"http://www.w3.org/2000/svg"[39m
                  [36m>[39m
                    [36m<polyline[39m
                      [33mpoints[39m=[32m"22 7 13.5 15.5 8.5 10.5 2 17"[39m
                    [36m/>[39m
                    [36m<polyline[39m
                      [33mpoints[39m=[32m"16 7 22 7 22 13"[39m
                    [36m/>[39m
                  [36m</svg>[39m
                [36m</span>[39m
                [36m<span[39m
                  [33mclass[39m=[32m"font-medium tracking-wide text-sm"[39m
                [36m>[39m
                  [0mStock Prediction[0m
                [36m</span>[39m
              [36m</button>[39m
              [36m<button[39m
       ...

[90mstdout[2m | src/features/Shell/App.test.tsx[2m > [22m[2mApp[2m > [22m[2mrenders the main application container
[22m[39m[36m<body>[39m
  [36m<div>[39m
    [36m<div[39m
      [33mclass[39m=[32m"min-h-screen bg-black text-gray-100 selection:bg-gold-500 selection:text-black"[39m
    [36m>[39m
      [36m<header[39m
        [33mclass[39m=[32m"bg-black border-b border-gold-900/50 shadow-lg relative z-50"[39m
      [36m>[39m
        [36m<div[39m
          [33mclass[39m=[32m"container mx-auto px-4"[39m
        [36m>[39m
          [36m<div[39m
            [33mclass[39m=[32m"flex items-center justify-between h-20"[39m
          [36m>[39m
            [36m<div[39m
              [33mclass[39m=[32m"flex items-center space-x-6"[39m
            [36m>[39m
              [36m<div[39m
                [33mclass[39m=[32m"flex items-center space-x-3"[39m
              [36m>[39m
                [36m<div[39m
                  [33mclass[39m=[32m"w-12 h-12 flex items-center justify-center overflow-hidden rounded-md border border-gold-900/30"[39m
                [36m>[39m
                  [36m<img[39m
                    [33malt[39m=[32m"Roneira Logo"[39m
                    [33mclass[39m=[32m"w-full h-full object-contain filter grayscale contrast-125"[39m
                    [33msrc[39m=[32m"/logo.jpg"[39m
                  [36m/>[39m
                [36m</div>[39m
                [36m<div>[39m
                  [36m<h1[39m
                    [33mclass[39m=[32m"text-2xl font-bold text-white tracking-wide uppercase whitespace-nowrap"[39m
                  [36m>[39m
                    [0mRoneira [0m
                    [36m<span[39m
                      [33mclass[39m=[32m"text-gold-500"[39m
                    [36m>[39m
                      [0mEnterprises AI[0m
                    [36m</span>[39m
                  [36m</h1>[39m
                  [36m<p[39m
                    [33mclass[39m=[32m"text-[10px] text-gold-400/80 tracking-[0.2em] uppercase mt-0.5"[39m
                  [36m>[39m
                    [0mPrivate Equity & Intelligence[0m
                  [36m</p>[39m
                [36m</div>[39m
              [36m</div>[39m
            [36m</div>[39m
            [36m<nav[39m
              [33mclass[39m=[32m"hidden md:flex space-x-2"[39m
            [36m>[39m
              [36m<button[39m
                [33mclass[39m=[32m"
                  flex items-center space-x-2 px-5 py-2.5 rounded transition-all duration-300 border border-transparent
                  bg-gold-500/10 text-gold-400 border-gold-500/20 shadow-[0_0_15px_rgba(212,175,55,0.1)]
                "[39m
                [33mtitle[39m=[32m"Real-time market overview and top performers"[39m
              [36m>[39m
                [36m<span[39m
                  [33mclass[39m=[32m"text-gold-500"[39m
                [36m>[39m
                  [36m<svg[39m
                    [33mclass[39m=[32m"lucide lucide-layout-dashboard w-5 h-5"[39m
                    [33mfill[39m=[32m"none"[39m
                    [33mheight[39m=[32m"24"[39m
                    [33mstroke[39m=[32m"currentColor"[39m
                    [33mstroke-linecap[39m=[32m"round"[39m
                    [33mstroke-linejoin[39m=[32m"round"[39m
                    [33mstroke-width[39m=[32m"2"[39m
                    [33mviewBox[39m=[32m"0 0 24 24"[39m
                    [33mwidth[39m=[32m"24"[39m
                    [33mxmlns[39m=[32m"http://www.w3.org/2000/svg"[39m
                  [36m>[39m
                    [36m<rect[39m
                      [33mheight[39m=[32m"9"[39m
                      [33mrx[39m=[32m"1"[39m
                      [33mwidth[39m=[32m"7"[39m
                      [33mx[39m=[32m"3"[39m
                      [33my[39m=[32m"3"[39m
                    [36m/>[39m
                    [36m<rect[39m
                      [33mheight[39m=[32m"5"[39m
                      [33mrx[39m=[32m"1"[39m
                      [33mwidth[39m=[32m"7"[39m
                      [33mx[39m=[32m"14"[39m
                      [33my[39m=[32m"3"[39m
                    [36m/>[39m
                    [36m<rect[39m
                      [33mheight[39m=[32m"9"[39m
                      [33mrx[39m=[32m"1"[39m
                      [33mwidth[39m=[32m"7"[39m
                      [33mx[39m=[32m"14"[39m
                      [33my[39m=[32m"12"[39m
                    [36m/>[39m
                    [36m<rect[39m
                      [33mheight[39m=[32m"5"[39m
                      [33mrx[39m=[32m"1"[39m
                      [33mwidth[39m=[32m"7"[39m
                      [33mx[39m=[32m"3"[39m
                      [33my[39m=[32m"16"[39m
                    [36m/>[39m
                  [36m</svg>[39m
                [36m</span>[39m
                [36m<span[39m
                  [33mclass[39m=[32m"font-medium tracking-wide text-sm"[39m
                [36m>[39m
                  [0mMarket Overview[0m
                [36m</span>[39m
              [36m</button>[39m
              [36m<button[39m
                [33mclass[39m=[32m"
                  flex items-center space-x-2 px-5 py-2.5 rounded transition-all duration-300 border border-transparent
                  text-gray-400 hover:text-gold-200 hover:bg-white/5
                "[39m
                [33mtitle[39m=[32m"AI-powered stock price predictions"[39m
              [36m>[39m
                [36m<span[39m
                  [33mclass[39m=[32m"text-gray-500 group-hover:text-gold-300"[39m
                [36m>[39m
                  [36m<svg[39m
                    [33mclass[39m=[32m"lucide lucide-trending-up w-5 h-5"[39m
                    [33mfill[39m=[32m"none"[39m
                    [33mheight[39m=[32m"24"[39m
                    [33mstroke[39m=[32m"currentColor"[39m
                    [33mstroke-linecap[39m=[32m"round"[39m
                    [33mstroke-linejoin[39m=[32m"round"[39m
                    [33mstroke-width[39m=[32m"2"[39m
                    [33mviewBox[39m=[32m"0 0 24 24"[39m
                    [33mwidth[39m=[32m"24"[39m
                    [33mxmlns[39m=[32m"http://www.w3.org/2000/svg"[39m
                  [36m>[39m
                    [36m<polyline[39m
                      [33mpoints[39m=[32m"22 7 13.5 15.5 8.5 10.5 2 17"[39m
                    [36m/>[39m
                    [36m<polyline[39m
                      [33mpoints[39m=[32m"16 7 22 7 22 13"[39m
                    [36m/>[39m
                  [36m</svg>[39m
                [36m</span>[39m
                [36m<span[39m
                  [33mclass[39m=[32m"font-medium tracking-wide text-sm"[39m
                [36m>[39m
                  [0mStock Prediction[0m
                [36m</span>[39m
              [36m</button>[39m
              [36m<button[39m
       ...

 [31mΓ¥»[39m src/features/Shell/App.test.tsx [2m([22m[2m1 test[22m[2m | [22m[31m1 failed[39m[2m)[22m[33m 1126[2mms[22m[39m
[31m     [31m├ù[31m renders the main application container[39m[33m 1123[2mms[22m[39m

[31mΓÄ»ΓÄ»ΓÄ»ΓÄ»ΓÄ»ΓÄ»ΓÄ
»[39m[1m[41m Failed 
Tests 1 [49m[22m[31mΓÄ
»ΓÄ»ΓÄ»ΓÄ»ΓÄ»ΓÄ»ΓÄ»[39m

[41m[1m FAIL 
[22m[49m src/features/S
hell/App.test.tsx[2m > 
[22mApp[2m > 
[22mrenders the main 
application container
[31m[1mError[22m[39m:
 Invalid Chai property: 
toBeInTheDocument

Ignored nodes: comments, 
script, style
[36m<html>[39m
  [36m<head />[39m
  [36m<body>[39m
    [36m<div>[39m
      [36m<div[39m
        [33mclass[39m=
[32m"min-h-screen 
bg-black text-gray-100 
selection:bg-gold-500 sel
ection:text-black"[39m
      [36m>[39m
        [36m<header[39m
          [33mclass[39m
=[32m"bg-black border-b 
border-gold-900/50 
shadow-lg relative 
z-50"[39m
        [36m>[39m
          [36m<div[39m
            [33mclass[3
9m=[32m"container 
mx-auto px-4"[39m
          [36m>[39m
            
[36m<div[39m
              [33mclass
[39m=[32m"flex 
items-center 
justify-between 
h-20"[39m
            [36m>[39m
              
[36m<div[39m
                [33mclas
s[39m=[32m"flex 
items-center 
space-x-6"[39m
              [36m>[39m
                
[36m<div[39m
                  [33mcl
ass[39m=[32m"flex 
items-center 
space-x-3"[39m
                
[36m>[39m
                  
[36m<div[39m
                    [33m
class[39m=[32m"w-12 
h-12 flex items-center 
justify-center 
overflow-hidden 
rounded-md border 
border-gold-900/30"[39m
                  
[36m>[39m
                    
[36m<img[39m
                      [3
3malt[39m=[32m"Roneira 
Logo"[39m
                      [3
3mclass[39m=[32m"w-full
 h-full object-contain 
filter grayscale 
contrast-125"[39m
                      [3
3msrc[39m=[32m"/logo.jp
g"[39m
                    
[36m/>[39m
                  
[36m</div>[39m
                  
[36m<div>[39m
                    
[36m<h1[39m
                      [3
3mclass[39m=[32m"text-2
xl font-bold text-white 
tracking-wide uppercase 
whitespace-nowrap"[39m
                    
[36m>[39m
                      
[0mRoneira [0m
                      
[36m<span[39m
                        
[33mclass[39m=[32m"text
-gold-500"[39m
                      
[36m>[39m
                        
[0mEnterprises AI[0m
                      
[36m</span>[39m
                    
[36m</h1>[39m
                    
[36m<p[39m
                      [3
3mclass[39m=[32m"text-[
10px] text-gold-400/80 
tracking-[0.2em] 
uppercase mt-0.5"[39m
                    
[36m>[39m
                      
[0mPrivate Equity & 
Intelligence[0m
                    
[36m</p>[39m
                  
[36m</div>[39m
                
[36m</div>[39m
              
[36m</div>[39m
              
[36m<nav[39m
                [33mclas
s[39m=[32m"hidden 
md:flex space-x-2"[39m
              [36m>[39m
                
[36m<button[39m
                  
[33mclass[39m=[32m"
                  flex 
items-center space-x-2 
px-5 py-2.5 rounded 
transition-all 
duration-300 border 
border-transparent
                  
bg-gold-500/10 
text-gold-400 
border-gold-500/20 shadow
-[0_0_15px_rgba(212,175,5
5,0.1)]
                "[39m
                  [33mti
tle[39m=[32m"Real-time 
market overview and top 
performers"[39m
                
[36m>[39m
                  
[36m<span[39m
                    [33m
class[39m=[32m"text-gol
d-500"[39m
                  
[36m>[39m
                    
[36m<svg[39m
                      [3
3mclass[39m=[32m"lucide
 lucide-layout-dashboard 
w-5 h-5"[39m
                      [3
3mfill[39m=[32m"none"[
39m
                      [3
3mheight[39m=[32m"24"[
39m
                      [3
3mstroke[39m=[32m"curre
ntColor"[39m
                      [3
3mstroke-linecap[39m=[3
2m"round"[39m
                      [3
3mstroke-linejoin[39m=[
32m"round"[39m
                      [3
3mstroke-width[39m=[32m
"2"[39m
                      [3
3mviewBox[39m=[32m"0 0 
24 24"[39m
                      [3
3mwidth[39m=[32m"24"[3
9m
                      [3
3mxmlns[39m=[32m"http:/
/www.w3.org/2000/svg"[39
m
                    
[36m>[39m
                      
[36m<rect[39m
                        
[33mheight[39m=[32m"9"
[39m
                        
[33mrx[39m=[32m"1"[39m
                        
[33mwidth[39m=[32m"7"[
39m
                        
[33mx[39m=[32m"3"[39m
                        
[33my[39m=[32m"3"[39m
                      
[36m/>[39m
                      
[36m<rect[39m
                        
[33mheight[39m=[32m"5"
[39m
                        
[33mrx[39m=[32m"1"[39m
                        
[33mwidth[39m=[32m"7"[
39m
                        
[33mx[39m=[32m"14"[39m
                        
[33my[39m=[32m"3"[39m
                      
[36m/>[39m
                      
[36m<rect[39m
                        
[33mheight[39m=[32m"9"
[39m
                        
[33mrx[39m=[32m"1"[39m
                        
[33mwidth[39m=[32m"7"[
39m
                        
[33mx[39m=[32m"14"[39m
                        
[33my[39m=[32m"12"[39m
                      
[36m/>[39m
                      
[36m<rect[39m
                        
[33mheight[39m=[32m"5"
[39m
                        
[33mrx[39m=[32m"1"[39m
                        
[33mwidth[39m=[32m"7"[
39m
                        
[33mx[39m=[32m"3"[39m
                        
[33my[39m=[32m"16"[39m
                      
[36m/>[39m
                    
[36m</svg>[39m
                  
[36m</span>[39m
                  
[36m<span[39m
                    [33m
class[39m=[32m"font-med
ium tracking-wide 
text-sm"[39m
                  
[36m>[39m
                    
[0mMarket Overview[0m
                  
[36m</span>[39m
                
[36m</button>[39m
                
[36m<button[39m
                  
[33mclass[39m=[32m"
                  flex 
items-center space-x-2 
px-5 py-2.5 rounded 
transition-all 
duration-300 border 
border-transparent
                  
text-gray-400 
hover:text-gold-200 
hover:bg-white/5
                "[39m
                  [33mti
tle[39m=[32m"AI-powered
 stock price 
predictions"[39m
                
[36m>[39m
                  
[36m<span[39m
                    [33m
class[39m=[32m"text-gra
y-500 group-hover:text-go
ld-300"[39m
                  
[36m>[39m
                    
[36m<svg[39m
                      [3
3mclass[39m=[32m"lucide
 lucide-trending-up w-5 
h-5"[39m
                      [3
3mfill[39m=[32m"none"[
39m
                      [3
3mheight[39m=[32m"24"[
39m
                      [3
3mstroke[39m=[32m"curre
ntColor"[39m
                      [3
3mstroke-linecap[39m=[3
2m"round"[39m
                      [3
3mstroke-linejoin[39m=[
32m"round"[39m
                      [3
3mstroke-width[39m=[32m
"2"[39m
                      [3
3mviewBox[39m=[32m"0 0 
24 24"[39m
                      [3
3mwidth[39m=[32m"24"[3
9m
                      [3
3mxmlns[39m=[32m"http:/
/www.w3.org/2000/svg"[39
m
                    
[36m>[39m
                      
[36m<polyline[39m
                        
[33mpoints[39m=[32m"22 
7 13.5 15.5 8.5 10.5 2 
17"[39m
                      
[36m/>[39m
                      
[36m<polyline[39m
                        
[33mpoints[39m=[32m"16 
7 22 7 22 13"[39m
                      
[36m/>[39m
                    
[36m</svg>[39m
                  [36...
[36m [2mΓ¥»[22m src/fe
atures/Shell/App.test.tsx
:[2m47:38[22m[39m
    [90m 45| [39m      
  console[33m.[39m[34m
log[39m([32m'App crashe
d!'[39m)[33m;[39m
    [90m 46| [39m      
}
    [90m 47| [39m      
[34mexpect[39m(screen[
33m.[39m[34mgetByRole[
39m([32m'main'[39m))[3
3m.[39m[34mtoBeInTheDoc
ument[39m()[33m;[39m
    [90m   | [39m      
                         
      [31m^[39m
    [90m 48| [39m    
})[33m;[39m
    [90m 49| [39m  
})[33m;[39m
[90m [2mΓ¥»[22m runWit
hExpensiveErrorDiagnostic
sDisabled node_modules/@t
esting-library/dom/dist/c
onfig.js:[2m47:12[22m[
39m
[90m [2mΓ¥»[22m 
checkCallback node_module
s/@testing-library/dom/di
st/wait-for.js:[2m124:77
[22m[39m
[90m [2mΓ¥»[22m Timeou
t.checkRealTimersCallback
 node_modules/@testing-li
brary/dom/dist/wait-for.j
s:[2m118:16[22m[39m

[31m[2mΓÄ»ΓÄ»ΓÄ»ΓÄ»ΓÄ»Γ
Ä»ΓÄ»ΓÄ»ΓÄ»ΓÄ»ΓÄ»ΓÄ»ΓÄ»ΓÄ
»ΓÄ»ΓÄ»ΓÄ»ΓÄ»ΓÄ»ΓÄ»ΓÄ»ΓÄ»
ΓÄ»ΓÄ»[1/1]ΓÄ»[22m[39m


[2m Test Files [22m [1m[31m1 failed[39m[22m[90m (1)[39m
[2m      Tests [22m [1m[31m1 failed[39m[22m[90m (1)[39m
[2m   Start at [22m 09:55:27
[2m   Duration [22m 6.44s[2m (transform 393ms, setup 0ms, collect 1.90s, tests 1.13s, environment 1.19s, prepare 36ms)[22m

